Archive member included because of file (symbol)

/opt/toolchain/gcc-arm-none-eabi-4_8-2013q4/bin/../lib/gcc/arm-none-eabi/4.8.3/../../../../arm-none-eabi/lib/armv7e-m/fpu/libc_s.a(lib_a-exit.o)
                              /opt/toolchain/gcc-arm-none-eabi-4_8-2013q4/bin/../lib/gcc/arm-none-eabi/4.8.3/../../../../arm-none-eabi/lib/armv7e-m/fpu/crt0.o (exit)
/opt/toolchain/gcc-arm-none-eabi-4_8-2013q4/bin/../lib/gcc/arm-none-eabi/4.8.3/../../../../arm-none-eabi/lib/armv7e-m/fpu/libc_s.a(lib_a-impure.o)
                              /opt/toolchain/gcc-arm-none-eabi-4_8-2013q4/bin/../lib/gcc/arm-none-eabi/4.8.3/../../../../arm-none-eabi/lib/armv7e-m/fpu/libc_s.a(lib_a-exit.o) (_global_impure_ptr)
/opt/toolchain/gcc-arm-none-eabi-4_8-2013q4/bin/../lib/gcc/arm-none-eabi/4.8.3/../../../../arm-none-eabi/lib/armv7e-m/fpu/libc_s.a(lib_a-init.o)
                              /opt/toolchain/gcc-arm-none-eabi-4_8-2013q4/bin/../lib/gcc/arm-none-eabi/4.8.3/../../../../arm-none-eabi/lib/armv7e-m/fpu/crt0.o (__libc_init_array)
/opt/toolchain/gcc-arm-none-eabi-4_8-2013q4/bin/../lib/gcc/arm-none-eabi/4.8.3/../../../../arm-none-eabi/lib/armv7e-m/fpu/libc_s.a(lib_a-memset.o)
                              /opt/toolchain/gcc-arm-none-eabi-4_8-2013q4/bin/../lib/gcc/arm-none-eabi/4.8.3/../../../../arm-none-eabi/lib/armv7e-m/fpu/crt0.o (memset)
/opt/toolchain/gcc-arm-none-eabi-4_8-2013q4/bin/../lib/gcc/arm-none-eabi/4.8.3/../../../../arm-none-eabi/lib/armv7e-m/fpu/libnosys.a(_exit.o)
                              /opt/toolchain/gcc-arm-none-eabi-4_8-2013q4/bin/../lib/gcc/arm-none-eabi/4.8.3/../../../../arm-none-eabi/lib/armv7e-m/fpu/libc_s.a(lib_a-exit.o) (_exit)
/opt/toolchain/gcc-arm-none-eabi-4_8-2013q4/bin/../lib/gcc/arm-none-eabi/4.8.3/../../../../arm-none-eabi/lib/armv7e-m/fpu/libc_s.a(lib_a-memcmp.o)
                              _build/device_manager_peripheral.o (memcmp)
/opt/toolchain/gcc-arm-none-eabi-4_8-2013q4/bin/../lib/gcc/arm-none-eabi/4.8.3/../../../../arm-none-eabi/lib/armv7e-m/fpu/libc_s.a(lib_a-memcpy-stub.o)
                              _build/SEGGER_RTT.o (memcpy)
/opt/toolchain/gcc-arm-none-eabi-4_8-2013q4/bin/../lib/gcc/arm-none-eabi/4.8.3/../../../../arm-none-eabi/lib/armv7e-m/fpu/libc_s.a(lib_a-printf.o)
                              _build/main.o (printf)
/opt/toolchain/gcc-arm-none-eabi-4_8-2013q4/bin/../lib/gcc/arm-none-eabi/4.8.3/../../../../arm-none-eabi/lib/armv7e-m/fpu/libc_s.a(lib_a-strcpy.o)
                              _build/SEGGER_RTT.o (strcpy)
/opt/toolchain/gcc-arm-none-eabi-4_8-2013q4/bin/../lib/gcc/arm-none-eabi/4.8.3/../../../../arm-none-eabi/lib/armv7e-m/fpu/libc_s.a(lib_a-strlen.o)
                              _build/SEGGER_RTT.o (strlen)
/opt/toolchain/gcc-arm-none-eabi-4_8-2013q4/bin/../lib/gcc/arm-none-eabi/4.8.3/../../../../arm-none-eabi/lib/armv7e-m/fpu/libc_s.a(lib_a-vfprintf.o)
                              /opt/toolchain/gcc-arm-none-eabi-4_8-2013q4/bin/../lib/gcc/arm-none-eabi/4.8.3/../../../../arm-none-eabi/lib/armv7e-m/fpu/libc_s.a(lib_a-printf.o) (_vfprintf_r)
/opt/toolchain/gcc-arm-none-eabi-4_8-2013q4/bin/../lib/gcc/arm-none-eabi/4.8.3/../../../../arm-none-eabi/lib/armv7e-m/fpu/libc_s.a(lib_a-vfprintf_i.o)
                              /opt/toolchain/gcc-arm-none-eabi-4_8-2013q4/bin/../lib/gcc/arm-none-eabi/4.8.3/../../../../arm-none-eabi/lib/armv7e-m/fpu/libc_s.a(lib_a-vfprintf.o) (_printf_i)
/opt/toolchain/gcc-arm-none-eabi-4_8-2013q4/bin/../lib/gcc/arm-none-eabi/4.8.3/../../../../arm-none-eabi/lib/armv7e-m/fpu/libc_s.a(lib_a-wbuf.o)
                              /opt/toolchain/gcc-arm-none-eabi-4_8-2013q4/bin/../lib/gcc/arm-none-eabi/4.8.3/../../../../arm-none-eabi/lib/armv7e-m/fpu/libc_s.a(lib_a-vfprintf.o) (__swbuf_r)
/opt/toolchain/gcc-arm-none-eabi-4_8-2013q4/bin/../lib/gcc/arm-none-eabi/4.8.3/../../../../arm-none-eabi/lib/armv7e-m/fpu/libc_s.a(lib_a-wsetup.o)
                              /opt/toolchain/gcc-arm-none-eabi-4_8-2013q4/bin/../lib/gcc/arm-none-eabi/4.8.3/../../../../arm-none-eabi/lib/armv7e-m/fpu/libc_s.a(lib_a-vfprintf.o) (__swsetup_r)
/opt/toolchain/gcc-arm-none-eabi-4_8-2013q4/bin/../lib/gcc/arm-none-eabi/4.8.3/../../../../arm-none-eabi/lib/armv7e-m/fpu/libc_s.a(lib_a-fflush.o)
                              /opt/toolchain/gcc-arm-none-eabi-4_8-2013q4/bin/../lib/gcc/arm-none-eabi/4.8.3/../../../../arm-none-eabi/lib/armv7e-m/fpu/libc_s.a(lib_a-wbuf.o) (_fflush_r)
/opt/toolchain/gcc-arm-none-eabi-4_8-2013q4/bin/../lib/gcc/arm-none-eabi/4.8.3/../../../../arm-none-eabi/lib/armv7e-m/fpu/libc_s.a(lib_a-findfp.o)
                              /opt/toolchain/gcc-arm-none-eabi-4_8-2013q4/bin/../lib/gcc/arm-none-eabi/4.8.3/../../../../arm-none-eabi/lib/armv7e-m/fpu/libc_s.a(lib_a-printf.o) (__sinit)
/opt/toolchain/gcc-arm-none-eabi-4_8-2013q4/bin/../lib/gcc/arm-none-eabi/4.8.3/../../../../arm-none-eabi/lib/armv7e-m/fpu/libc_s.a(lib_a-fvwrite.o)
[...]
Memory Configuration

Name             Origin             Length             Attributes
FLASH            0x0001c000         0x00064000         xr
RAM              0x20002080         0x0000df80         xrw
*default*        0x00000000         0xffffffff

Linker script and memory map


.text           0x0001c000     0x81cc
 *(.isr_vector)
 .isr_vector    0x0001c000      0x400 _build/gcc_startup_nrf52.o
                0x0001c000                __isr_vector
 *(.text*)
 .text          0x0001c400       0x54 /opt/toolchain/gcc-arm-none-eabi-4_8-2013q4/bin/../lib/gcc/arm-none-eabi/4.8.3/armv7e-m/fpu/crtbegin.o
 .text          0x0001c454       0x74 /opt/toolchain/gcc-arm-none-eabi-4_8-2013q4/bin/../lib/gcc/arm-none-eabi/4.8.3/../../../../arm-none-eabi/lib/armv7e-m/fpu/crt0.o
                0x0001c454                _mainCRTStartup
                0x0001c454                _start
 .text.exit     0x0001c4c8       0x28 /opt/toolchain/gcc-arm-none-eabi-4_8-2013q4/bin/../lib/gcc/arm-none-eabi/4.8.3/../../../../arm-none-eabi/lib/armv7e-m/fpu/libc_s.a(lib_a-exit.o)
                0x0001c4c8                exit
 .text.__libc_init_array
                0x0001c4f0       0x4c /opt/toolchain/gcc-arm-none-eabi-4_8-2013q4/bin/../lib/gcc/arm-none-eabi/4.8.3/../../../../arm-none-eabi/lib/armv7e-m/fpu/libc_s.a(lib_a-init.o)
                0x0001c4f0                __libc_init_array
 .text.memset   0x0001c53c       0x10 /opt/toolchain/gcc-arm-none-eabi-4_8-2013q4/bin/../lib/gcc/arm-none-eabi/4.8.3/../../../../arm-none-eabi/lib/armv7e-m/fpu/libc_s.a(lib_a-memset.o)
                0x0001c53c                memset
 .text._exit    0x0001c54c        0x4 /opt/toolchain/gcc-arm-none-eabi-4_8-2013q4/bin/../lib/gcc/arm-none-eabi/4.8.3/../../../../arm-none-eabi/lib/armv7e-m/fpu/libnosys.a(_exit.o)
                0x0001c54c                _exit
 .text.app_error_handler
                0x0001c550       0x20 _build/app_error.o
                0x0001c550                app_error_handler
 .text.app_error_save_and_stop
                0x0001c570       0x64 _build/app_error.o
                0x0001c570                app_error_save_and_stop
 .text.app_error_fault_handler
                0x0001c5d4       0x1c _build/app_error_weak.o
                0x0001c5d4                app_error_fault_handler
 .text.rtc1_stop
                0x0001c5f0      0x138 _build/app_timer.o
 .text.RTC1_IRQHandler
                0x0001c728       0xd0 _build/app_timer.o
                0x0001c728                RTC1_IRQHandler
 .text.SWI0_EGU0_IRQHandler
                0x0001c7f8      0x494 _build/app_timer.o
                0x0001c7f8                SWI0_EGU0_IRQHandler
 .text.app_timer_init
                0x0001cc8c       0xe0 _build/app_timer.o
                0x0001cc8c                app_timer_init
 .text.app_timer_create
                0x0001cd6c       0x24 _build/app_timer.o
                0x0001cd6c                app_timer_create
 .text.app_timer_start
                0x0001cd90       0xd8 _build/app_timer.o
                0x0001cd90                app_timer_start
 .text.app_timer_stop
                0x0001ce68       0xac _build/app_timer.o
                0x0001ce68                app_timer_stop
 .text.fs_queued_op_count_get
                0x0001cf14       0x14 _build/fstorage.o
                0x0001cf14                fs_queued_op_count_get
 .text._write   0x0001cf28       0x1c _build/retarget.o
                0x0001cf28                _write
 .text._read    0x0001cf44       0x14 _build/retarget.o
                0x0001cf44                _read
 .text.app_fifo_init
                0x0001cf58       0x20 _build/app_fifo.o
                0x0001cf58                app_fifo_init
 .text.app_fifo_put
                0x0001cf78       0x30 _build/app_fifo.o
                0x0001cf78                app_fifo_put
 .text.app_fifo_get
                0x0001cfa8       0x30 _build/app_fifo.o
                0x0001cfa8                app_fifo_get
 .text.uart_event_handler
                0x0001cfd8       0xc0 _build/app_uart_fifo.o
 .text.app_uart_init
                0x0001d098       0xcc _build/app_uart_fifo.o
                0x0001d098                app_uart_init
 .text.app_uart_get
                0x0001d164       0x38 _build/app_uart_fifo.o
                0x0001d164                app_uart_get
 .text.app_uart_put
                0x0001d19c       0x3c _build/app_uart_fifo.o
                0x0001d19c                app_uart_put
 .text.nrf_drv_common_irq_enable
                0x0001d1d8       0x50 _build/nrf_drv_common.o
                0x0001d1d8                nrf_drv_common_irq_enable
 .text.GPIOTE_IRQHandler
                0x0001d228      0x3e0 _build/nrf_drv_gpiote.o
                0x0001d228                GPIOTE_IRQHandler
 .text.nrf_drv_uart_init
                0x0001d608      0x188 _build/nrf_drv_uart.o
                0x0001d608                nrf_drv_uart_init
 .text.nrf_drv_uart_tx
                0x0001d790      0x130 _build/nrf_drv_uart.o
                0x0001d790                nrf_drv_uart_tx
 .text.nrf_drv_uart_tx_in_progress
                0x0001d8c0       0x10 _build/nrf_drv_uart.o
                0x0001d8c0                nrf_drv_uart_tx_in_progress
 .text.nrf_drv_uart_rx
                0x0001d8d0      0x1f0 _build/nrf_drv_uart.o
                0x0001d8d0                nrf_drv_uart_rx
 .text.nrf_drv_uart_rx_enable
                0x0001dac0       0x34 _build/nrf_drv_uart.o
                0x0001dac0                nrf_drv_uart_rx_enable
 .text.UARTE0_UART0_IRQHandler
                0x0001daf4      0x2c0 _build/nrf_drv_uart.o
                0x0001daf4                UARTE0_UART0_IRQHandler
 .text.sd_flash_write
                0x0001ddb4        0x4 _build/pstorage.o
 .text.sd_flash_page_erase
                0x0001ddb8        0x4 _build/pstorage.o
 .text.flash_api_err_code_process
                0x0001ddbc       0x60 _build/pstorage.o
 .text.state_entry_action_run
                0x0001de1c      0x198 _build/pstorage.o
 .text.clear_operation_execute
                0x0001dfb4      0x114 _build/pstorage.o
 .text.unlikely.cmd_queue_enqueue
                0x0001e0c8       0x9c _build/pstorage.o
 .text.tail_restore_state_run
                0x0001e164       0xbc _build/pstorage.o
 .text.state_write_data_swap_entry_run
                0x0001e220       0xac _build/pstorage.o
 .text.state_restore_head_entry_run
                0x0001e2cc       0xb0 _build/pstorage.o
 .text.data_to_swap_write_state_run
                0x0001e37c       0xac _build/pstorage.o
 .text.state_restore_tail_entry_run
                0x0001e428       0xbc _build/pstorage.o
 .text.state_erase_data_page_entry_run
                0x0001e4e4       0x74 _build/pstorage.o
 .text.swap_erase_state_run
                0x0001e558       0xd4 _build/pstorage.o
 .text.state_swap_erase_entry_run
                0x0001e62c       0xa0 _build/pstorage.o
 .text.store_cmd_flash_write_execute
                0x0001e6cc      0x108 _build/pstorage.o
 .text.head_restore_state_run
                0x0001e7d4      0x1c8 _build/pstorage.o
 .text.data_page_erase_state_run
                0x0001e99c      0x244 _build/pstorage.o
 .text.command_end_procedure_run
                0x0001ebe0       0xc0 _build/pstorage.o
 .text.pstorage_sys_event_handler
                0x0001eca0      0x1c8 _build/pstorage.o
                0x0001eca0                pstorage_sys_event_handler
 .text.pstorage_init
                0x0001ee68      0x154 _build/pstorage.o
                0x0001ee68                pstorage_init
 .text.pstorage_register
                0x0001efbc       0xf0 _build/pstorage.o
                0x0001efbc                pstorage_register
 .text.pstorage_block_identifier_get
                0x0001f0ac       0x5c _build/pstorage.o
                0x0001f0ac                pstorage_block_identifier_get
 .text.pstorage_store
                0x0001f108       0x84 _build/pstorage.o
                0x0001f108                pstorage_store
 .text.pstorage_update
                0x0001f18c       0x84 _build/pstorage.o
                0x0001f18c                pstorage_update
 .text.pstorage_load
                0x0001f210       0xa4 _build/pstorage.o
                0x0001f210                pstorage_load
 .text.pstorage_clear
                0x0001f2b4       0x90 _build/pstorage.o
                0x0001f2b4                pstorage_clear
 .text.pstorage_access_status_get
                0x0001f344       0x24 _build/pstorage.o
                0x0001f344                pstorage_access_status_get
 .text.twi_transfer
                0x0001f368       0xe4 _build/nrf_drv_twi.o
 .text.twi_rx_start_transfer
                0x0001f44c      0x124 _build/nrf_drv_twi.o
 .text.nrf_drv_twi_init
                0x0001f570      0x328 _build/nrf_drv_twi.o
                0x0001f570                nrf_drv_twi_init
 .text.nrf_drv_twi_enable
                0x0001f898       0x20 _build/nrf_drv_twi.o
                0x0001f898                nrf_drv_twi_enable
 .text.nrf_drv_twi_xfer
                0x0001f8b8      0x174 _build/nrf_drv_twi.o
                0x0001f8b8                nrf_drv_twi_xfer
 .text.nrf_drv_twi_tx
                0x0001fa2c      0x140 _build/nrf_drv_twi.o
                0x0001fa2c                nrf_drv_twi_tx
 .text.nrf_drv_twi_rx
                0x0001fb6c       0x98 _build/nrf_drv_twi.o
                0x0001fb6c                nrf_drv_twi_rx
 .text.SPIM0_SPIS0_TWIM0_TWIS0_SPI0_TWI0_IRQHandler
                0x0001fc04      0x300 _build/nrf_drv_twi.o
                0x0001fc04                SPIM0_SPIS0_TWIM0_TWIS0_SPI0_TWI0_IRQHandler
 .text.bsp_indication_set
                0x0001ff04        0x4 _build/bsp.o
                0x0001ff04                bsp_indication_set
 .text.sd_ble_gap_disconnect
                0x0001ff08        0x4 _build/main.o
 .text.sd_ble_gap_ppcp_set
                0x0001ff0c        0x4 _build/main.o
 .text.sd_ble_gap_device_name_set
                0x0001ff10        0x4 _build/main.o
 .text.sd_power_system_off
                0x0001ff14        0x4 _build/main.o
 .text.sd_app_evt_wait
                0x0001ff18        0x4 _build/main.o
 .text.timer_accel_update_handler
                0x0001ff1c        0xc _build/main.o
                0x0001ff1c                timer_accel_update_handler
 .text.conn_params_error_handler
                0x0001ff28        0xc _build/main.o
 .text.sys_evt_dispatch
                0x0001ff34       0x14 _build/main.o
 .text.uart_events_handler
                0x0001ff48       0x28 _build/main.o
 .text.device_manager_evt_handler
                0x0001ff70       0x18 _build/main.o
 .text.on_conn_params_evt
                0x0001ff88       0x2c _build/main.o
 .text.ble_evt_dispatch
                0x0001ffb4       0x80 _build/main.o
 .text.on_adv_evt
                0x00020034       0x38 _build/main.o
 .text.mpu_setup
                0x0002006c       0x6c _build/main.o
                0x0002006c                mpu_setup
 .text.startup.main
                0x000200d8      0x3fc _build/main.o
                0x000200d8                main
 .text.sd_ble_gatts_service_add
                0x000204d4        0x4 _build/ble_mpu.o
 .text.sd_ble_gatts_characteristic_add
                0x000204d8        0x4 _build/ble_mpu.o
 .text.sd_ble_gatts_hvx
                0x000204dc        0x4 _build/ble_mpu.o
 .text.sd_ble_uuid_vs_add
                0x000204e0        0x4 _build/ble_mpu.o
 .text.ble_mpu_on_ble_evt
                0x000204e4       0x1c _build/ble_mpu.o
                0x000204e4                ble_mpu_on_ble_evt
 .text.ble_mpu_service_init
                0x00020500      0x130 _build/ble_mpu.o
                0x00020500                ble_mpu_service_init
 .text.ble_mpu_update_sensor
                0x00020630       0x48 _build/ble_mpu.o
                0x00020630                ble_mpu_update_sensor
 .text.nrf_drv_mpu_twi_event_handler
                0x00020678       0x2c _build/nrf_drv_mpu_twi.o
 .text.nrf_drv_mpu_init
                0x000206a4       0x34 _build/nrf_drv_mpu_twi.o
                0x000206a4                nrf_drv_mpu_init
 .text.nrf_drv_mpu_write_registers
                0x000206d8       0x64 _build/nrf_drv_mpu_twi.o
                0x000206d8                nrf_drv_mpu_write_registers
 .text.nrf_drv_mpu_write_single_register
                0x0002073c       0x4c _build/nrf_drv_mpu_twi.o
                0x0002073c                nrf_drv_mpu_write_single_register
 .text.nrf_drv_mpu_read_registers
                0x00020788       0x80 _build/nrf_drv_mpu_twi.o
                0x00020788                nrf_drv_mpu_read_registers
 .text.nrf_drv_mpu_read_magnetometer_registers
                0x00020808       0x80 _build/nrf_drv_mpu_twi.o
                0x00020808                nrf_drv_mpu_read_magnetometer_registers
 .text.nrf_drv_mpu_write_magnetometer_register
                0x00020888       0x4c _build/nrf_drv_mpu_twi.o
                0x00020888                nrf_drv_mpu_write_magnetometer_register
 .text.mpu_config
                0x000208d4        0xc _build/app_mpu.o
                0x000208d4                mpu_config
 .text.mpu_init
                0x000208e0       0x24 _build/app_mpu.o
                0x000208e0                mpu_init
 .text.mpu_read_accel
                0x00020904       0x3c _build/app_mpu.o
                0x00020904                mpu_read_accel
 .text.mpu_read_gyro
                0x00020940       0x3c _build/app_mpu.o
                0x00020940                mpu_read_gyro
 .text.mpu_magnetometer_init
                0x0002097c       0x34 _build/app_mpu.o
                0x0002097c                mpu_magnetometer_init
 .text.mpu_read_magnetometer
                0x000209b0       0x34 _build/app_mpu.o
                0x000209b0                mpu_read_magnetometer
 .text.sd_ble_gap_address_get
                0x000209e4        0x4 _build/ble_advdata.o
 .text.sd_ble_gap_adv_data_set
                0x000209e8        0x4 _build/ble_advdata.o
 .text.sd_ble_gap_appearance_get
                0x000209ec        0x4 _build/ble_advdata.o
 .text.sd_ble_gap_device_name_get
                0x000209f0        0x4 _build/ble_advdata.o
 .text.sd_ble_uuid_encode
                0x000209f4        0x4 _build/ble_advdata.o
 .text.name_encode
                0x000209f8       0x90 _build/ble_advdata.o
 .text.uuid_list_sized_encode
                0x00020a88       0xc4 _build/ble_advdata.o
 .text.adv_data_encode
                0x00020b4c      0x4e8 _build/ble_advdata.o
                0x00020b4c                adv_data_encode
 .text.ble_advdata_set
                0x00021034      0x5c8 _build/ble_advdata.o
                0x00021034                ble_advdata_set
 .text.sd_ble_gap_adv_start
                0x000215fc        0x4 _build/ble_advertising.o
 .text.ble_advertising_init
                0x00021600      0x16c _build/ble_advertising.o
                0x00021600                ble_advertising_init
 .text.ble_advertising_start
                0x0002176c      0x2b8 _build/ble_advertising.o
                0x0002176c                ble_advertising_start
 .text.ble_advertising_on_ble_evt
                0x00021a24       0xb4 _build/ble_advertising.o
                0x00021a24                ble_advertising_on_ble_evt
 .text.ble_advertising_on_sys_evt
                0x00021ad8       0x38 _build/ble_advertising.o
                0x00021ad8                ble_advertising_on_sys_evt
 .text.sd_ble_gap_conn_param_update
                0x00021b10        0x4 _build/ble_conn_params.o
 .text.sd_ble_gap_disconnect
                0x00021b14        0x4 _build/ble_conn_params.o
 .text.sd_ble_gap_ppcp_set
                0x00021b18        0x4 _build/ble_conn_params.o
 .text.sd_ble_gap_ppcp_get
                0x00021b1c        0x4 _build/ble_conn_params.o
 .text.update_timeout_handler
                0x00021b20       0x74 _build/ble_conn_params.o
 .text.conn_params_negotiation
                0x00021b94       0x98 _build/ble_conn_params.o
 .text.ble_conn_params_init
                0x00021c2c       0x74 _build/ble_conn_params.o
                0x00021c2c                ble_conn_params_init
 .text.ble_conn_params_on_ble_evt
                0x00021ca0       0xb4 _build/ble_conn_params.o
                0x00021ca0                ble_conn_params_on_ble_evt
 .text.sd_ble_gap_sec_params_reply
                0x00021d54        0x4 _build/device_manager_peripheral.o
 .text.sd_ble_gap_sec_info_reply
                0x00021d58        0x4 _build/device_manager_peripheral.o
 .text.sd_ble_gatts_service_changed
                0x00021d5c        0x4 _build/device_manager_peripheral.o
 .text.sd_ble_gatts_sys_attr_set
                0x00021d60        0x4 _build/device_manager_peripheral.o
 .text.sd_ble_gatts_sys_attr_get
                0x00021d64        0x4 _build/device_manager_peripheral.o
 .text.storage_operation_dummy_handler
                0x00021d68        0x4 _build/device_manager_peripheral.o
 .text.no_service_context_store
                0x00021d6c        0x4 _build/device_manager_peripheral.o
 .text.gattc_context_store
                0x00021d70        0x4 _build/device_manager_peripheral.o
 .text.no_service_context_load
                0x00021d74        0x4 _build/device_manager_peripheral.o
 .text.gattc_context_load
                0x00021d78        0x4 _build/device_manager_peripheral.o
 .text.no_service_context_apply
                0x00021d7c        0x4 _build/device_manager_peripheral.o
 .text.gattc_context_apply
                0x00021d80        0x4 _build/device_manager_peripheral.o
 .text.gatts_context_apply
                0x00021d84       0xd4 _build/device_manager_peripheral.o
 .text.gatts_context_store
                0x00021e58       0xd8 _build/device_manager_peripheral.o
 .text.gatts_context_load
                0x00021f30       0x34 _build/device_manager_peripheral.o
 .text.dm_pstorage_cb_handler
                0x00021f64      0x170 _build/device_manager_peripheral.o
 .text.gattsc_context_load
                0x000220d4       0x34 _build/device_manager_peripheral.o
 .text.gattsc_context_apply
                0x00022108       0xd4 _build/device_manager_peripheral.o
 .text.gattsc_context_store
                0x000221dc       0xd8 _build/device_manager_peripheral.o
 .text.dm_init  0x000222b4      0x14c _build/device_manager_peripheral.o
                0x000222b4                dm_init
 .text.dm_register
                0x00022400       0x74 _build/device_manager_peripheral.o
                0x00022400                dm_register
 .text.bond_data_load
                0x00022474       0x4c _build/device_manager_peripheral.o
                0x00022474                bond_data_load
 .text.dm_ble_evt_handler
                0x000224c0      0x6d8 _build/device_manager_peripheral.o
                0x000224c0                dm_ble_evt_handler
 .text.SystemInit
                0x00022b98      0x250 _build/system_nrf52.o
                0x00022b98                SystemInit
 .text.sd_evt_get
                0x00022de8        0x4 _build/softdevice_handler.o
 .text.sd_softdevice_enable
                0x00022dec        0x4 _build/softdevice_handler.o
 .text.sd_ble_enable
                0x00022df0        0x4 _build/softdevice_handler.o
 .text.sd_ble_evt_get
                0x00022df4        0x4 _build/softdevice_handler.o
 .text.softdevice_fault_handler
                0x00022df8        0x8 _build/softdevice_handler.o
                0x00022df8                softdevice_fault_handler
 .text.intern_softdevice_events_execute
                0x00022e00       0xc0 _build/softdevice_handler.o
                0x00022e00                intern_softdevice_events_execute
 .text.softdevice_handler_init
                0x00022ec0       0x80 _build/softdevice_handler.o
                0x00022ec0                softdevice_handler_init
 .text.softdevice_ble_evt_handler_set
                0x00022f40       0x14 _build/softdevice_handler.o
                0x00022f40                softdevice_ble_evt_handler_set
 .text.softdevice_sys_evt_handler_set
                0x00022f54       0x14 _build/softdevice_handler.o
                0x00022f54                softdevice_sys_evt_handler_set
 .text.SWI2_EGU2_IRQHandler
                0x00022f68       0x2c _build/softdevice_handler.o
                0x00022f68                SWI2_EGU2_IRQHandler
 .text.softdevice_enable_get_default_config
                0x00022f94       0x30 _build/softdevice_handler.o
                0x00022f94                softdevice_enable_get_default_config
 .text.sd_check_ram_start
                0x00022fc4       0x14 _build/softdevice_handler.o
                0x00022fc4                sd_check_ram_start
 .text.softdevice_enable
                0x00022fd8       0x20 _build/softdevice_handler.o
                0x00022fd8                softdevice_enable
 .text          0x00022ff8       0x3c _build/gcc_startup_nrf52.o
                0x00022ff8                Reset_Handler
                0x00023020                NMI_Handler
                0x00023022                HardFault_Handler
                0x00023024                MemoryManagement_Handler
                0x00023026                BusFault_Handler
                0x00023028                UsageFault_Handler
                0x0002302a                SVC_Handler
                0x0002302c                DebugMonitor_Handler
                0x0002302e                PendSV_Handler
                0x00023030                SysTick_Handler
                0x00023032                TIMER2_IRQHandler
                0x00023032                RTC0_IRQHandler
                0x00023032                PWM1_IRQHandler
                0x00023032                POWER_CLOCK_IRQHandler
                0x00023032                RADIO_IRQHandler
                0x00023032                PDM_IRQHandler
                0x00023032                TEMP_IRQHandler
                0x00023032                QDEC_IRQHandler
                0x00023032                TIMER3_IRQHandler
                0x00023032                FPU_IRQHandler
                0x00023032                TIMER4_IRQHandler
                0x00023032                I2S_IRQHandler
                0x00023032                SWI4_EGU4_IRQHandler
                0x00023032                TIMER0_IRQHandler
                0x00023032                TIMER1_IRQHandler
                0x00023032                PWM2_IRQHandler
                0x00023032                ECB_IRQHandler
                0x00023032                SPIM1_SPIS1_TWIM1_TWIS1_SPI1_TWI1_IRQHandler
                0x00023032                Default_Handler
                0x00023032                SAADC_IRQHandler
                0x00023032                CCM_AAR_IRQHandler
                0x00023032                WDT_IRQHandler
                0x00023032                SWI5_EGU5_IRQHandler
                0x00023032                RNG_IRQHandler
                0x00023032                RTC2_IRQHandler
                0x00023032                PWM0_IRQHandler
                0x00023032                SWI3_EGU3_IRQHandler
                0x00023032                SWI1_EGU1_IRQHandler
                0x00023032                SPIM2_SPIS2_SPI2_IRQHandler
                0x00023032                NFCT_IRQHandler
                0x00023032                MWU_IRQHandler
                0x00023032                COMP_LPCOMP_IRQHandler
 .text.memcmp   0x00023034       0x1e /opt/toolchain/gcc-arm-none-eabi-4_8-2013q4/bin/../lib/gcc/arm-none-eabi/4.8.3/../../../../arm-none-eabi/lib/armv7e-m/fpu/libc_s.a(lib_a-memcmp.o)
                0x00023034                memcmp
 .text.memcpy   0x00023052       0x12 /opt/toolchain/gcc-arm-none-eabi-4_8-2013q4/bin/../lib/gcc/arm-none-eabi/4.8.3/../../../../arm-none-eabi/lib/armv7e-m/fpu/libc_s.a(lib_a-memcpy-stub.o)
                0x00023052                memcpy
 .text.printf   0x00023064       0x30 /opt/toolchain/gcc-arm-none-eabi-4_8-2013q4/bin/../lib/gcc/arm-none-eabi/4.8.3/../../../../arm-none-eabi/lib/armv7e-m/fpu/libc_s.a(lib_a-printf.o)
                0x00023064                printf
                0x00023064                iprintf
 .text.strlen   0x00023094       0x10 /opt/toolchain/gcc-arm-none-eabi-4_8-2013q4/bin/../lib/gcc/arm-none-eabi/4.8.3/../../../../arm-none-eabi/lib/armv7e-m/fpu/libc_s.a(lib_a-strlen.o)
                0x00023094                strlen
 .text.__sfputc_r
                0x000230a4       0x2c /opt/toolchain/gcc-arm-none-eabi-4_8-2013q4/bin/../lib/gcc/arm-none-eabi/4.8.3/../../../../arm-none-eabi/lib/armv7e-m/fpu/libc_s.a(lib_a-vfprintf.o)
 .text.__sfputs_r
                0x000230d0       0x24 /opt/toolchain/gcc-arm-none-eabi-4_8-2013q4/bin/../lib/gcc/arm-none-eabi/4.8.3/../../../../arm-none-eabi/lib/armv7e-m/fpu/libc_s.a(lib_a-vfprintf.o)
                0x000230d0                __sfputs_r
 .text._vfprintf_r
                0x000230f4      0x208 /opt/toolchain/gcc-arm-none-eabi-4_8-2013q4/bin/../lib/gcc/arm-none-eabi/4.8.3/../../../../arm-none-eabi/lib/armv7e-m/fpu/libc_s.a(lib_a-vfprintf.o)
                0x000230f4                _vfiprintf_r
                0x000230f4                _vfprintf_r
 .text._printf_common
                0x000232fc       0xe4 /opt/toolchain/gcc-arm-none-eabi-4_8-2013q4/bin/../lib/gcc/arm-none-eabi/4.8.3/../../../../arm-none-eabi/lib/armv7e-m/fpu/libc_s.a(lib_a-vfprintf_i.o)
                0x000232fc                _printf_common
 .text._printf_i
                0x000233e0      0x228 /opt/toolchain/gcc-arm-none-eabi-4_8-2013q4/bin/../lib/gcc/arm-none-eabi/4.8.3/../../../../arm-none-eabi/lib/armv7e-m/fpu/libc_s.a(lib_a-vfprintf_i.o)
                0x000233e0                _printf_i
 .text.__swbuf_r
                0x00023608       0xa8 /opt/toolchain/gcc-arm-none-eabi-4_8-2013q4/bin/../lib/gcc/arm-none-eabi/4.8.3/../../../../arm-none-eabi/lib/armv7e-m/fpu/libc_s.a(lib_a-wbuf.o)
                0x00023608                __swbuf_r
 .text.__swsetup_r
                0x000236b0       0xdc /opt/toolchain/gcc-arm-none-eabi-4_8-2013q4/bin/../lib/gcc/arm-none-eabi/4.8.3/../../../../arm-none-eabi/lib/armv7e-m/fpu/libc_s.a(lib_a-wsetup.o)
                0x000236b0                __swsetup_r
 .text.__sflush_r
                0x0002378c      0x106 /opt/toolchain/gcc-arm-none-eabi-4_8-2013q4/bin/../lib/gcc/arm-none-eabi/4.8.3/../../../../arm-none-eabi/lib/armv7e-m/fpu/libc_s.a(lib_a-fflush.o)
                0x0002378c                __sflush_r
 *fill*         0x00023892        0x2 
 .text._fflush_r
                0x00023894       0x54 /opt/toolchain/gcc-arm-none-eabi-4_8-2013q4/bin/../lib/gcc/arm-none-eabi/4.8.3/../../../../arm-none-eabi/lib/armv7e-m/fpu/libc_s.a(lib_a-fflush.o)
                0x00023894                _fflush_r
 .text._cleanup_r
                0x000238e8       0x32 /opt/toolchain/gcc-arm-none-eabi-4_8-2013q4/bin/../lib/gcc/arm-none-eabi/4.8.3/../../../../arm-none-eabi/lib/armv7e-m/fpu/libc_s.a(lib_a-findfp.o)
                0x000238e8                _cleanup_r
 *fill*         0x0002391a        0x2 
 .text.std.isra.0
                0x0002391c       0x48 /opt/toolchain/gcc-arm-none-eabi-4_8-2013q4/bin/../lib/gcc/arm-none-eabi/4.8.3/../../../../arm-none-eabi/lib/armv7e-m/fpu/libc_s.a(lib_a-findfp.o)
 .text.__sfmoreglue
                0x00023964       0x2c /opt/toolchain/gcc-arm-none-eabi-4_8-2013q4/bin/../lib/gcc/arm-none-eabi/4.8.3/../../../../arm-none-eabi/lib/armv7e-m/fpu/libc_s.a(lib_a-findfp.o)
                0x00023964                __sfmoreglue
 .text.__sinit  0x00023990       0x60 /opt/toolchain/gcc-arm-none-eabi-4_8-2013q4/bin/../lib/gcc/arm-none-eabi/4.8.3/../../../../arm-none-eabi/lib/armv7e-m/fpu/libc_s.a(lib_a-findfp.o)
                0x00023990                __sinit
 .text.__sfp    0x000239f0       0x74 /opt/toolchain/gcc-arm-none-eabi-4_8-2013q4/bin/../lib/gcc/arm-none-eabi/4.8.3/../../../../arm-none-eabi/lib/armv7e-m/fpu/libc_s.a(lib_a-findfp.o)
                0x000239f0                __sfp
 .text.__smakebuf_r
                0x00023a64       0x9c /opt/toolchain/gcc-arm-none-eabi-4_8-2013q4/bin/../lib/gcc/arm-none-eabi/4.8.3/../../../../arm-none-eabi/lib/armv7e-m/fpu/libc_s.a(lib_a-makebuf.o)
                0x00023a64                __smakebuf_r
 .text.memchr   0x00023b00       0x1e /opt/toolchain/gcc-arm-none-eabi-4_8-2013q4/bin/../lib/gcc/arm-none-eabi/4.8.3/../../../../arm-none-eabi/lib/armv7e-m/fpu/libc_s.a(lib_a-memchr-stub.o)
                0x00023b00                memchr
 *fill*         0x00023b1e        0x2 
 .text._free_r  0x00023b20       0x88 /opt/toolchain/gcc-arm-none-eabi-4_8-2013q4/bin/../lib/gcc/arm-none-eabi/4.8.3/../../../../arm-none-eabi/lib/armv7e-m/fpu/libc_s.a(lib_a-nano-freer.o)
                0x00023b20                _free_r
 .text._malloc_r
                0x00023ba8       0xa8 /opt/toolchain/gcc-arm-none-eabi-4_8-2013q4/bin/../lib/gcc/arm-none-eabi/4.8.3/../../../../arm-none-eabi/lib/armv7e-m/fpu/libc_s.a(lib_a-nano-mallocr.o)
                0x00023ba8                _malloc_r
 .text._sbrk_r  0x00023c50       0x20 /opt/toolchain/gcc-arm-none-eabi-4_8-2013q4/bin/../lib/gcc/arm-none-eabi/4.8.3/../../../../arm-none-eabi/lib/armv7e-m/fpu/libc_s.a(lib_a-sbrkr.o)
                0x00023c50                _sbrk_r
 .text.__sread  0x00023c70       0x22 /opt/toolchain/gcc-arm-none-eabi-4_8-2013q4/bin/../lib/gcc/arm-none-eabi/4.8.3/../../../../arm-none-eabi/lib/armv7e-m/fpu/libc_s.a(lib_a-stdio.o)
                0x00023c70                __sread
 .text.__swrite
                0x00023c92       0x38 /opt/toolchain/gcc-arm-none-eabi-4_8-2013q4/bin/../lib/gcc/arm-none-eabi/4.8.3/../../../../arm-none-eabi/lib/armv7e-m/fpu/libc_s.a(lib_a-stdio.o)
                0x00023c92                __swrite
 .text.__sseek  0x00023cca       0x24 /opt/toolchain/gcc-arm-none-eabi-4_8-2013q4/bin/../lib/gcc/arm-none-eabi/4.8.3/../../../../arm-none-eabi/lib/armv7e-m/fpu/libc_s.a(lib_a-stdio.o)
                0x00023cca                __sseek
 .text.__sclose
                0x00023cee        0x8 /opt/toolchain/gcc-arm-none-eabi-4_8-2013q4/bin/../lib/gcc/arm-none-eabi/4.8.3/../../../../arm-none-eabi/lib/armv7e-m/fpu/libc_s.a(lib_a-stdio.o)
                0x00023cee                __sclose
 *fill*         0x00023cf6        0x2 
 .text._write_r
                0x00023cf8       0x24 /opt/toolchain/gcc-arm-none-eabi-4_8-2013q4/bin/../lib/gcc/arm-none-eabi/4.8.3/../../../../arm-none-eabi/lib/armv7e-m/fpu/libc_s.a(lib_a-writer.o)
                0x00023cf8                _write_r
 .text._close_r
                0x00023d1c       0x20 /opt/toolchain/gcc-arm-none-eabi-4_8-2013q4/bin/../lib/gcc/arm-none-eabi/4.8.3/../../../../arm-none-eabi/lib/armv7e-m/fpu/libc_s.a(lib_a-closer.o)
                0x00023d1c                _close_r
 .text._fstat_r
                0x00023d3c       0x24 /opt/toolchain/gcc-arm-none-eabi-4_8-2013q4/bin/../lib/gcc/arm-none-eabi/4.8.3/../../../../arm-none-eabi/lib/armv7e-m/fpu/libc_s.a(lib_a-fstatr.o)
                0x00023d3c                _fstat_r
 .text._isatty_r
                0x00023d60       0x20 /opt/toolchain/gcc-arm-none-eabi-4_8-2013q4/bin/../lib/gcc/arm-none-eabi/4.8.3/../../../../arm-none-eabi/lib/armv7e-m/fpu/libc_s.a(lib_a-isattyr.o)
                0x00023d60                _isatty_r
 .text._lseek_r
                0x00023d80       0x24 /opt/toolchain/gcc-arm-none-eabi-4_8-2013q4/bin/../lib/gcc/arm-none-eabi/4.8.3/../../../../arm-none-eabi/lib/armv7e-m/fpu/libc_s.a(lib_a-lseekr.o)
                0x00023d80                _lseek_r
 .text._read_r  0x00023da4       0x24 /opt/toolchain/gcc-arm-none-eabi-4_8-2013q4/bin/../lib/gcc/arm-none-eabi/4.8.3/../../../../arm-none-eabi/lib/armv7e-m/fpu/libc_s.a(lib_a-readr.o)
                0x00023da4                _read_r
 .text._close   0x00023dc8       0x10 /opt/toolchain/gcc-arm-none-eabi-4_8-2013q4/bin/../lib/gcc/arm-none-eabi/4.8.3/../../../../arm-none-eabi/lib/armv7e-m/fpu/libnosys.a(close.o)
                0x00023dc8                _close
 .text._fstat   0x00023dd8       0x10 /opt/toolchain/gcc-arm-none-eabi-4_8-2013q4/bin/../lib/gcc/arm-none-eabi/4.8.3/../../../../arm-none-eabi/lib/armv7e-m/fpu/libnosys.a(fstat.o)
                0x00023dd8                _fstat
 .text._isatty  0x00023de8       0x10 /opt/toolchain/gcc-arm-none-eabi-4_8-2013q4/bin/../lib/gcc/arm-none-eabi/4.8.3/../../../../arm-none-eabi/lib/armv7e-m/fpu/libnosys.a(isatty.o)
                0x00023de8                _isatty
 .text._lseek   0x00023df8       0x10 /opt/toolchain/gcc-arm-none-eabi-4_8-2013q4/bin/../lib/gcc/arm-none-eabi/4.8.3/../../../../arm-none-eabi/lib/armv7e-m/fpu/libnosys.a(lseek.o)
                0x00023df8                _lseek
 .text._sbrk    0x00023e08       0x34 /opt/toolchain/gcc-arm-none-eabi-4_8-2013q4/bin/../lib/gcc/arm-none-eabi/4.8.3/../../../../arm-none-eabi/lib/armv7e-m/fpu/libnosys.a(sbrk.o)
                0x00023e08                _sbrk
 *(.init)
 .init          0x00023e3c        0x4 /opt/toolchain/gcc-arm-none-eabi-4_8-2013q4/bin/../lib/gcc/arm-none-eabi/4.8.3/armv7e-m/fpu/crti.o
                0x00023e3c                _init
 .init          0x00023e40        0x8 /opt/toolchain/gcc-arm-none-eabi-4_8-2013q4/bin/../lib/gcc/arm-none-eabi/4.8.3/armv7e-m/fpu/crtn.o
 *(.fini)
 .fini          0x00023e48        0x4 /opt/toolchain/gcc-arm-none-eabi-4_8-2013q4/bin/../lib/gcc/arm-none-eabi/4.8.3/armv7e-m/fpu/crti.o
                0x00023e48                _fini
 .fini          0x00023e4c        0x8 /opt/toolchain/gcc-arm-none-eabi-4_8-2013q4/bin/../lib/gcc/arm-none-eabi/4.8.3/armv7e-m/fpu/crtn.o
 *crtbegin.o(.ctors)
 *crtbegin?.o(.ctors)
 *(EXCLUDE_FILE(*crtend.o *crtend?.o) .ctors)
 *(SORT(.ctors.*))
 *(.ctors)
 *crtbegin.o(.dtors)
 *crtbegin?.o(.dtors)
 *(EXCLUDE_FILE(*crtend.o *crtend?.o) .dtors)
 *(SORT(.dtors.*))
 *(.dtors)
 *(.rodata*)
 .rodata.str1.1
                0x00023e54        0x2 /opt/toolchain/gcc-arm-none-eabi-4_8-2013q4/bin/../lib/gcc/arm-none-eabi/4.8.3/../../../../arm-none-eabi/lib/armv7e-m/fpu/libc_s.a(lib_a-impure.o)
 *fill*         0x00023e56        0x2 
 .rodata._global_impure_ptr
                0x00023e58        0x4 /opt/toolchain/gcc-arm-none-eabi-4_8-2013q4/bin/../lib/gcc/arm-none-eabi/4.8.3/../../../../arm-none-eabi/lib/armv7e-m/fpu/libc_s.a(lib_a-impure.o)
                0x00023e58                _global_impure_ptr
 .rodata.str1.4
                0x00023e5c       0x56 _build/app_timer.o
                                 0x58 (size before relaxing)
 *fill*         0x00023eb2        0x2 
 .rodata        0x00023eb4       0x20 _build/app_uart_fifo.o
 .rodata.m_default_config
                0x00023ed4       0x20 _build/nrf_drv_uart.o
 .rodata.swap_sub_state_sm_lut.7785
                0x00023ef4       0x14 _build/pstorage.o
 .rodata.swap_sub_state_sm_lut.7860
                0x00023f08       0x14 _build/pstorage.o
 .rodata.m_default_config
                0x00023f1c       0x10 _build/nrf_drv_twi.o
 .rodata        0x00023f2c       0x10 _build/main.o
 .rodata.m_timer_accel_update_id
                0x00023f3c        0x4 _build/main.o
 .rodata.str1.4
                0x00023f40       0xe2 _build/main.o
                                 0xe4 (size before relaxing)
 *fill*         0x00024022        0x2 
 .rodata        0x00024024       0x10 _build/ble_mpu.o
 .rodata.str1.4
                0x00024034       0x39 _build/ble_mpu.o
                                 0x3c (size before relaxing)
 *fill*         0x0002406d        0x3 
 .rodata        0x00024070       0x10 _build/nrf_drv_mpu_twi.o
 .rodata.m_twi_instance
                0x00024080        0x8 _build/nrf_drv_mpu_twi.o
 .rodata.m_conn_params_timer_id
                0x00024088        0x4 _build/ble_conn_params.o
 .rodata.m_service_context_store
                0x0002408c       0x10 _build/device_manager_peripheral.o
                0x0002408c                m_service_context_store
 .rodata.m_service_context_load
                0x0002409c       0x10 _build/device_manager_peripheral.o
                0x0002409c                m_service_context_load
 .rodata.m_service_context_apply
                0x000240ac       0x10 _build/device_manager_peripheral.o
                0x000240ac                m_service_context_apply
 .rodata.m_context_init_len
                0x000240bc        0x4 _build/device_manager_peripheral.o
                0x000240bc                m_context_init_len
 .rodata.str1.4
                0x000240c0       0x74 _build/softdevice_handler.o
 .rodata.str1.1
                0x00024134       0x11 /opt/toolchain/gcc-arm-none-eabi-4_8-2013q4/bin/../lib/gcc/arm-none-eabi/4.8.3/../../../../arm-none-eabi/lib/armv7e-m/fpu/libc_s.a(lib_a-vfprintf.o)
 .rodata.str1.1
                0x00024145       0x22 /opt/toolchain/gcc-arm-none-eabi-4_8-2013q4/bin/../lib/gcc/arm-none-eabi/4.8.3/../../../../arm-none-eabi/lib/armv7e-m/fpu/libc_s.a(lib_a-vfprintf_i.o)
 *fill*         0x00024167        0x1 
 .rodata.__sf_fake_stdin
                0x00024168       0x20 /opt/toolchain/gcc-arm-none-eabi-4_8-2013q4/bin/../lib/gcc/arm-none-eabi/4.8.3/../../../../arm-none-eabi/lib/armv7e-m/fpu/libc_s.a(lib_a-findfp.o)
                0x00024168                __sf_fake_stdin
 .rodata.__sf_fake_stdout
                0x00024188       0x20 /opt/toolchain/gcc-arm-none-eabi-4_8-2013q4/bin/../lib/gcc/arm-none-eabi/4.8.3/../../../../arm-none-eabi/lib/armv7e-m/fpu/libc_s.a(lib_a-findfp.o)
                0x00024188                __sf_fake_stdout
 .rodata.__sf_fake_stderr
                0x000241a8       0x20 /opt/toolchain/gcc-arm-none-eabi-4_8-2013q4/bin/../lib/gcc/arm-none-eabi/4.8.3/../../../../arm-none-eabi/lib/armv7e-m/fpu/libc_s.a(lib_a-findfp.o)
                0x000241a8                __sf_fake_stderr
 *(.eh_frame*)
 .eh_frame      0x000241c8        0x0 /opt/toolchain/gcc-arm-none-eabi-4_8-2013q4/bin/../lib/gcc/arm-none-eabi/4.8.3/armv7e-m/fpu/crtbegin.o
 .eh_frame      0x000241c8        0x4 /opt/toolchain/gcc-arm-none-eabi-4_8-2013q4/bin/../lib/gcc/arm-none-eabi/4.8.3/armv7e-m/fpu/crtend.o

.glue_7         0x000241cc        0x0
 .glue_7        0x00000000        0x0 linker stubs

.glue_7t        0x000241cc        0x0
 .glue_7t       0x00000000        0x0 linker stubs

.vfp11_veneer   0x000241cc        0x0
 .vfp11_veneer  0x00000000        0x0 linker stubs

.v4_bx          0x000241cc        0x0
 .v4_bx         0x00000000        0x0 linker stubs

.iplt           0x000241cc        0x0
 .iplt          0x00000000        0x0 /opt/toolchain/gcc-arm-none-eabi-4_8-2013q4/bin/../lib/gcc/arm-none-eabi/4.8.3/armv7e-m/fpu/crtbegin.o

.ARM.extab
 *(.ARM.extab* .gnu.linkonce.armextab.*)
                0x000241cc                __exidx_start = .

.ARM.exidx      0x000241cc        0x8
 *(.ARM.exidx* .gnu.linkonce.armexidx.*)
 .ARM.exidx     0x000241cc        0x8 /opt/toolchain/gcc-arm-none-eabi-4_8-2013q4/bin/../lib/gcc/arm-none-eabi/4.8.3/../../../../arm-none-eabi/lib/armv7e-m/fpu/crt0.o
                0x000241d4                __exidx_end = .
                0x000241d4                __etext = .

.rel.dyn        0x000241d4        0x0
 .rel.iplt      0x00000000        0x0 /opt/toolchain/gcc-arm-none-eabi-4_8-2013q4/bin/../lib/gcc/arm-none-eabi/4.8.3/armv7e-m/fpu/crtbegin.o

.data           0x20002080       0x78 load address 0x000241d4
                0x20002080                __data_start__ = .
 *(vtable)
 *(.data*)
 .data.impure_data
                0x20002080       0x60 /opt/toolchain/gcc-arm-none-eabi-4_8-2013q4/bin/../lib/gcc/arm-none-eabi/4.8.3/../../../../arm-none-eabi/lib/armv7e-m/fpu/libc_s.a(lib_a-impure.o)
 .data._impure_ptr
                0x200020e0        0x4 /opt/toolchain/gcc-arm-none-eabi-4_8-2013q4/bin/../lib/gcc/arm-none-eabi/4.8.3/../../../../arm-none-eabi/lib/armv7e-m/fpu/libc_s.a(lib_a-impure.o)
                0x200020e0                _impure_ptr
 .data.m_conn_handle
                0x200020e4        0x2 _build/main.o
 .data.current_slave_link_conn_handle.7739
                0x200020e6        0x2 _build/ble_advertising.o
 .data.SystemCoreClock
                0x200020e8        0x4 _build/system_nrf52.o
                0x200020e8                SystemCoreClock
                0x200020ec                . = ALIGN (0x4)
                0x200020ec                PROVIDE (__preinit_array_start, .)
 *(.preinit_array)
                0x200020ec                PROVIDE (__preinit_array_end, .)
                0x200020ec                . = ALIGN (0x4)
                0x200020ec                PROVIDE (__init_array_start, .)
 *(SORT(.init_array.*))
 *(.init_array)
 .init_array    0x200020ec        0x4 /opt/toolchain/gcc-arm-none-eabi-4_8-2013q4/bin/../lib/gcc/arm-none-eabi/4.8.3/armv7e-m/fpu/crtbegin.o
                0x200020f0                PROVIDE (__init_array_end, .)
                0x200020f0                . = ALIGN (0x4)
                0x200020f0                PROVIDE (__fini_array_start, .)
 *(SORT(.fini_array.*))
 *(.fini_array)
 .fini_array    0x200020f0        0x4 /opt/toolchain/gcc-arm-none-eabi-4_8-2013q4/bin/../lib/gcc/arm-none-eabi/4.8.3/armv7e-m/fpu/crtbegin.o
                0x200020f4                PROVIDE (__fini_array_end, .)
 *(.jcr*)
 .jcr           0x200020f4        0x0 /opt/toolchain/gcc-arm-none-eabi-4_8-2013q4/bin/../lib/gcc/arm-none-eabi/4.8.3/armv7e-m/fpu/crtbegin.o
 .jcr           0x200020f4        0x4 /opt/toolchain/gcc-arm-none-eabi-4_8-2013q4/bin/../lib/gcc/arm-none-eabi/4.8.3/armv7e-m/fpu/crtend.o
                0x200020f8                . = ALIGN (0x4)
                0x200020f8                __data_end__ = .
LOAD /opt/toolchain/gcc-arm-none-eabi-4_8-2013q4/bin/../lib/gcc/arm-none-eabi/4.8.3/armv7e-m/fpu/crti.o
LOAD /opt/toolchain/gcc-arm-none-eabi-4_8-2013q4/bin/../lib/gcc/arm-none-eabi/4.8.3/armv7e-m/fpu/crtbegin.o
LOAD /opt/toolchain/gcc-arm-none-eabi-4_8-2013q4/bin/../lib/gcc/arm-none-eabi/4.8.3/../../../../arm-none-eabi/lib/armv7e-m/fpu/crt0.o
LOAD /opt/toolchain/gcc-arm-none-eabi-4_8-2013q4/bin/../lib/gcc/arm-none-eabi/4.8.3/../../../../arm-none-eabi/lib/armv7e-m/fpu/libc_s.a
LOAD /opt/toolchain/gcc-arm-none-eabi-4_8-2013q4/bin/../lib/gcc/arm-none-eabi/4.8.3/../../../../arm-none-eabi/lib/armv7e-m/fpu/libnosys.a
LOAD _build/app_button.o
LOAD _build/app_error.o
LOAD _build/app_error_weak.o
LOAD _build/app_timer.o
LOAD _build/app_trace.o
LOAD _build/app_util_platform.o
LOAD _build/fstorage.o
LOAD _build/nrf_assert.o
LOAD _build/retarget.o
LOAD _build/sensorsim.o
LOAD _build/RTT_Syscalls_GCC.o
LOAD _build/SEGGER_RTT.o
LOAD _build/SEGGER_RTT_printf.o
LOAD _build/app_fifo.o
LOAD _build/app_uart_fifo.o
LOAD _build/nrf_delay.o
LOAD _build/nrf_drv_common.o
LOAD _build/nrf_drv_gpiote.o
LOAD _build/nrf_drv_uart.o
LOAD _build/pstorage.o
LOAD _build/nrf_drv_twi.o
LOAD _build/bsp.o
LOAD _build/main.o
LOAD _build/ble_mpu.o
LOAD _build/nrf_drv_mpu_twi.o
LOAD _build/app_mpu.o
LOAD _build/ble_advdata.o
LOAD _build/ble_advertising.o
LOAD _build/ble_conn_params.o
LOAD _build/ble_srv_common.o
LOAD _build/device_manager_peripheral.o
LOAD _build/system_nrf52.o
LOAD _build/softdevice_handler.o
LOAD _build/gcc_startup_nrf52.o
LOAD /opt/toolchain/gcc-arm-none-eabi-4_8-2013q4/bin/../lib/gcc/arm-none-eabi/4.8.3/../../../../arm-none-eabi/lib/armv7e-m/fpu/libm.a
START GROUP
LOAD /opt/toolchain/gcc-arm-none-eabi-4_8-2013q4/bin/../lib/gcc/arm-none-eabi/4.8.3/armv7e-m/fpu/libgcc.a
LOAD /opt/toolchain/gcc-arm-none-eabi-4_8-2013q4/bin/../lib/gcc/arm-none-eabi/4.8.3/../../../../arm-none-eabi/lib/armv7e-m/fpu/libc_s.a
END GROUP
START GROUP
LOAD /opt/toolchain/gcc-arm-none-eabi-4_8-2013q4/bin/../lib/gcc/arm-none-eabi/4.8.3/armv7e-m/fpu/libgcc.a
LOAD /opt/toolchain/gcc-arm-none-eabi-4_8-2013q4/bin/../lib/gcc/arm-none-eabi/4.8.3/../../../../arm-none-eabi/lib/armv7e-m/fpu/libc_s.a
END GROUP
LOAD /opt/toolchain/gcc-arm-none-eabi-4_8-2013q4/bin/../lib/gcc/arm-none-eabi/4.8.3/armv7e-m/fpu/crtend.o
LOAD /opt/toolchain/gcc-arm-none-eabi-4_8-2013q4/bin/../lib/gcc/arm-none-eabi/4.8.3/armv7e-m/fpu/crtn.o
START GROUP
LOAD /opt/toolchain/gcc-arm-none-eabi-4_8-2013q4/bin/../lib/gcc/arm-none-eabi/4.8.3/armv7e-m/fpu/libgcc.a
LOAD /opt/toolchain/gcc-arm-none-eabi-4_8-2013q4/bin/../lib/gcc/arm-none-eabi/4.8.3/../../../../arm-none-eabi/lib/armv7e-m/fpu/libc.a
LOAD /opt/toolchain/gcc-arm-none-eabi-4_8-2013q4/bin/../lib/gcc/arm-none-eabi/4.8.3/../../../../arm-none-eabi/lib/armv7e-m/fpu/libnosys.a
END GROUP

.igot.plt       0x200020f8        0x0 load address 0x0002424c
 .igot.plt      0x00000000        0x0 /opt/toolchain/gcc-arm-none-eabi-4_8-2013q4/bin/../lib/gcc/arm-none-eabi/4.8.3/armv7e-m/fpu/crtbegin.o

.fs_data        0x200020f8        0x0
                0x200020f8                PROVIDE (__start_fs_data, .)
 *(.fs_data)
                0x200020f8                PROVIDE (__stop_fs_data, .)

.bss            0x200020f8      0x8f0 load address 0x0002424c
                0x200020f8                . = ALIGN (0x4)
                0x200020f8                __bss_start__ = .
 *(.bss*)
 .bss           0x200020f8       0x1c /opt/toolchain/gcc-arm-none-eabi-4_8-2013q4/bin/../lib/gcc/arm-none-eabi/4.8.3/armv7e-m/fpu/crtbegin.o
 .bss.m_error_data.7048
                0x20002114       0x20 _build/app_error.o
 .bss.m_ticks_latest
                0x20002134        0x4 _build/app_timer.o
 .bss.mp_timer_id_head
                0x20002138        0x4 _build/app_timer.o
 .bss.m_evt_schedule_func
                0x2000213c        0x4 _build/app_timer.o
 .bss.m_user_array_size
                0x20002140        0x1 _build/app_timer.o
 *fill*         0x20002141        0x3 
 .bss.mp_users  0x20002144        0x4 _build/app_timer.o
 .bss.m_ticks_elapsed_q_read_ind
                0x20002148        0x1 _build/app_timer.o
 .bss.m_ticks_elapsed_q_write_ind
                0x20002149        0x1 _build/app_timer.o
 .bss.m_rtc1_reset
                0x2000214a        0x1 _build/app_timer.o
 *fill*         0x2000214b        0x1 
 .bss.m_ticks_elapsed
                0x2000214c        0x8 _build/app_timer.o
 .bss.m_rtc1_running
                0x20002154        0x1 _build/app_timer.o
 *fill*         0x20002155        0x3 
 .bss.m_queue   0x20002158       0x58 _build/fstorage.o
 .bss.tx_buffer
                0x200021b0        0x4 _build/app_uart_fifo.o
 .bss.m_event_handler
                0x200021b4        0x4 _build/app_uart_fifo.o
 .bss.rx_buffer
                0x200021b8        0x4 _build/app_uart_fifo.o
 .bss.m_tx_fifo
                0x200021bc       0x10 _build/app_uart_fifo.o
 .bss.m_rx_fifo
                0x200021cc       0x10 _build/app_uart_fifo.o
 .bss.m_cb      0x200021dc       0x58 _build/nrf_drv_gpiote.o
 .bss.m_cb      0x20002234       0x20 _build/nrf_drv_uart.o
 .bss.m_cmd_queue
                0x20002254       0xcc _build/pstorage.o
 .bss.m_num_of_bytes_written
                0x20002320        0x4 _build/pstorage.o
 .bss.m_tail_word_size
                0x20002324        0x4 _build/pstorage.o
 .bss.m_app_table
                0x20002328       0x18 _build/pstorage.o
 .bss.m_next_app_instance
                0x20002340        0x2 _build/pstorage.o
 *fill*         0x20002342        0x2 
 .bss.m_flags   0x20002344        0x4 _build/pstorage.o
 .bss.m_swap_sub_state
                0x20002348        0x1 _build/pstorage.o
 .bss.m_state   0x20002349        0x1 _build/pstorage.o
 *fill*         0x2000234a        0x2 
 .bss.m_next_page_addr
                0x2000234c        0x4 _build/pstorage.o
 .bss.m_app_data_size
                0x20002350        0x4 _build/pstorage.o
 .bss.m_num_of_command_retries
                0x20002354        0x4 _build/pstorage.o
 .bss.m_head_word_size
                0x20002358        0x4 _build/pstorage.o
 .bss.m_current_page_id
                0x2000235c        0x4 _build/pstorage.o
 .bss.m_cb      0x20002360       0x28 _build/nrf_drv_twi.o
 .bss.BLE_EVT_BUFFER.9815
                0x20002388       0x48 _build/main.o
 .bss.m_app_handle
                0x200023d0        0x1 _build/main.o
 *fill*         0x200023d1        0x3 
 .bss.rx_buf.9876
                0x200023d4        0x4 _build/main.o
 .bss.tx_buf.9877
                0x200023d8      0x100 _build/main.o
 .bss.APP_TIMER_BUF.9747
                0x200024d8      0x1c8 _build/main.o
 .bss.start_accel_update_flag
                0x200026a0        0x1 _build/main.o
                0x200026a0                start_accel_update_flag
 *fill*         0x200026a1        0x3 
 .bss.m_timer_accel_update_id_data
                0x200026a4       0x20 _build/main.o
 .bss.twi_rx_done
                0x200026c4        0x1 _build/nrf_drv_mpu_twi.o
 .bss.twi_tx_done
                0x200026c5        0x1 _build/nrf_drv_mpu_twi.o
 *fill*         0x200026c6        0x2 
 .bss.m_advdata
                0x200026c8       0x38 _build/ble_advertising.o
 .bss.m_manuf_specific_data
                0x20002700        0xc _build/ble_advertising.o
 .bss.m_evt_handler
                0x2000270c        0x4 _build/ble_advertising.o
 .bss.m_advertising_start_pending
                0x20002710        0x1 _build/ble_advertising.o
 *fill*         0x20002711        0x3 
 .bss.m_manuf_data_array
                0x20002714       0x20 _build/ble_advertising.o
 .bss.m_whitelist_temporarily_disabled
                0x20002734        0x1 _build/ble_advertising.o
 *fill*         0x20002735        0x3 
 .bss.m_error_handler
                0x20002738        0x4 _build/ble_advertising.o
 .bss.m_peer_address
                0x2000273c        0x8 _build/ble_advertising.o
 .bss.m_adv_modes_config
                0x20002744       0x24 _build/ble_advertising.o
 .bss.mp_whitelist_addr
                0x20002768       0x20 _build/ble_advertising.o
 .bss.m_tx_power_level
                0x20002788        0x1 _build/ble_advertising.o
 *fill*         0x20002789        0x3 
 .bss.m_whitelist
                0x2000278c       0x10 _build/ble_advertising.o
 .bss.m_service_data_array
                0x2000279c       0x20 _build/ble_advertising.o
 .bss.m_whitelist_reply_expected
                0x200027bc        0x1 _build/ble_advertising.o
 *fill*         0x200027bd        0x3 
 .bss.mp_whitelist_irk
                0x200027c0       0x20 _build/ble_advertising.o
 .bss.m_adv_mode_current
                0x200027e0        0x1 _build/ble_advertising.o
 .bss.m_peer_addr_reply_expected
                0x200027e1        0x1 _build/ble_advertising.o
 *fill*         0x200027e2        0x2 
 .bss.m_slave_conn_int
                0x200027e4        0x4 _build/ble_advertising.o
 .bss.m_service_data
                0x200027e8        0xc _build/ble_advertising.o
 .bss.m_adv_evt
                0x200027f4        0x1 _build/ble_advertising.o
 .bss.m_change_param
                0x200027f5        0x1 _build/ble_conn_params.o
 *fill*         0x200027f6        0x2 
 .bss.m_current_conn_params
                0x200027f8        0x8 _build/ble_conn_params.o
 .bss.m_update_count
                0x20002800        0x1 _build/ble_conn_params.o
 *fill*         0x20002801        0x3 
 .bss.m_conn_params_config
                0x20002804       0x1c _build/ble_conn_params.o
 .bss.m_conn_params_timer_id_data
                0x20002820       0x20 _build/ble_conn_params.o
 .bss.m_conn_handle
                0x20002840        0x2 _build/ble_conn_params.o
 *fill*         0x20002842        0x2 
 .bss.m_preferred_conn_params
                0x20002844        0x8 _build/ble_conn_params.o
 .bss.m_app_context_table
                0x2000284c       0x1c _build/device_manager_peripheral.o
 .bss.m_irk_index_table
                0x20002868        0x8 _build/device_manager_peripheral.o
 .bss.m_module_initialized
                0x20002870        0x1 _build/device_manager_peripheral.o
 *fill*         0x20002871        0x3 
 .bss.m_connection_table
                0x20002874        0xc _build/device_manager_peripheral.o
 .bss.m_peer_table
                0x20002880       0xc4 _build/device_manager_peripheral.o
 .bss.m_storage_handle
                0x20002944        0x8 _build/device_manager_peripheral.o
 .bss.m_bond_table
                0x2000294c       0x1c _build/device_manager_peripheral.o
 .bss.m_gatts_table
                0x20002968       0x24 _build/device_manager_peripheral.o
 .bss.m_peer_addr_update
                0x2000298c        0x4 _build/device_manager_peripheral.o
 .bss.m_application_table
                0x20002990        0xc _build/device_manager_peripheral.o
 .bss.m_softdevice_enabled
                0x2000299c        0x1 _build/softdevice_handler.o
 *fill*         0x2000299d        0x1 
 .bss.m_ble_evt_buffer_size
                0x2000299e        0x2 _build/softdevice_handler.o
 .bss.mp_ble_evt_buffer
                0x200029a0        0x4 _build/softdevice_handler.o
 .bss.m_sys_evt_handler
                0x200029a4        0x4 _build/softdevice_handler.o
 .bss.m_ble_evt_handler
                0x200029a8        0x4 _build/softdevice_handler.o
 .bss.m_evt_schedule_func
                0x200029ac        0x4 _build/softdevice_handler.o
 .bss.__malloc_sbrk_start
                0x200029b0        0x4 /opt/toolchain/gcc-arm-none-eabi-4_8-2013q4/bin/../lib/gcc/arm-none-eabi/4.8.3/../../../../arm-none-eabi/lib/armv7e-m/fpu/libc_s.a(lib_a-nano-mallocr.o)
                0x200029b0                __malloc_sbrk_start
 .bss.__malloc_free_list
                0x200029b4        0x4 /opt/toolchain/gcc-arm-none-eabi-4_8-2013q4/bin/../lib/gcc/arm-none-eabi/4.8.3/../../../../arm-none-eabi/lib/armv7e-m/fpu/libc_s.a(lib_a-nano-mallocr.o)
                0x200029b4                __malloc_free_list
 .bss.heap_end.4237
                0x200029b8        0x4 /opt/toolchain/gcc-arm-none-eabi-4_8-2013q4/bin/../lib/gcc/arm-none-eabi/4.8.3/../../../../arm-none-eabi/lib/armv7e-m/fpu/libnosys.a(sbrk.o)
 *(COMMON)
 COMMON         0x200029bc        0xc _build/main.o
                0x200029bc                m_mpu
 COMMON         0x200029c8        0xe _build/nrf_drv_mpu_twi.o
                0x200029c8                twi_tx_buffer
 *fill*         0x200029d6        0x2 
 COMMON         0x200029d8        0xc _build/softdevice_handler.o
                0x200029d8                nrf_nvic_state
 COMMON         0x200029e4        0x4 /opt/toolchain/gcc-arm-none-eabi-4_8-2013q4/bin/../lib/gcc/arm-none-eabi/4.8.3/../../../../arm-none-eabi/lib/armv7e-m/fpu/libc_s.a(lib_a-reent.o)
                0x200029e4                errno
                0x200029e8                . = ALIGN (0x4)
                0x200029e8                __bss_end__ = .

.heap           0x200029e8     0x2000
                0x200029e8                __end__ = .
                0x200029e8                PROVIDE (end, .)
 *(.heap*)
 .heap          0x200029e8     0x2000 _build/gcc_startup_nrf52.o
                0x200029e8                __HeapBase
                0x200049e8                __HeapLimit = .

.stack_dummy    0x200029e8     0x2000
 *(.stack*)
 .stack         0x200029e8     0x2000 _build/gcc_startup_nrf52.o
                0x20010000                __StackTop = (ORIGIN (RAM) + 0xdf80)
                0x2000e000                __StackLimit = (__StackTop - SIZEOF (.stack_dummy))
                0x20010000                PROVIDE (__stack, __StackTop)
                0x00000001                ASSERT ((__StackLimit >= __HeapLimit), region RAM overflowed with stack)
OUTPUT(_build/nrf52832_xxaa_s132.out elf32-littlearm)

.ARM.attributes
                0x00000000       0x30
 .ARM.attributes
                0x00000000       0x22 /opt/toolchain/gcc-arm-none-eabi-4_8-2013q4/bin/../lib/gcc/arm-none-eabi/4.8.3/armv7e-m/fpu/crti.o
 .ARM.attributes
                0x00000022       0x34 /opt/toolchain/gcc-arm-none-eabi-4_8-2013q4/bin/../lib/gcc/arm-none-eabi/4.8.3/armv7e-m/fpu/crtbegin.o
 .ARM.attributes
                0x00000056       0x20 /opt/toolchain/gcc-arm-none-eabi-4_8-2013q4/bin/../lib/gcc/arm-none-eabi/4.8.3/../../../../arm-none-eabi/lib/armv7e-m/fpu/crt0.o
 .ARM.attributes
                0x00000076       0x34 /opt/toolchain/gcc-arm-none-eabi-4_8-2013q4/bin/../lib/gcc/arm-none-eabi/4.8.3/../../../../arm-none-eabi/lib/armv7e-m/fpu/libc_s.a(lib_a-exit.o)
 .ARM.attributes
                0x000000aa       0x34 /opt/toolchain/gcc-arm-none-eabi-4_8-2013q4/bin/../lib/gcc/arm-none-eabi/4.8.3/../../../../arm-none-eabi/lib/armv7e-m/fpu/libc_s.a(lib_a-impure.o)
 .ARM.attributes
                0x000000de       0x34 /opt/toolchain/gcc-arm-none-eabi-4_8-2013q4/bin/../lib/gcc/arm-none-eabi/4.8.3/../../../../arm-none-eabi/lib/armv7e-m/fpu/libc_s.a(lib_a-init.o)
 .ARM.attributes
                0x00000112       0x34 /opt/toolchain/gcc-arm-none-eabi-4_8-2013q4/bin/../lib/gcc/arm-none-eabi/4.8.3/../../../../arm-none-eabi/lib/armv7e-m/fpu/libc_s.a(lib_a-memset.o)
 .ARM.attributes
                0x00000146       0x34 /opt/toolchain/gcc-arm-none-eabi-4_8-2013q4/bin/../lib/gcc/arm-none-eabi/4.8.3/../../../../arm-none-eabi/lib/armv7e-m/fpu/libnosys.a(_exit.o)
 .ARM.attributes
                0x0000017a       0x39 _build/app_error.o
 .ARM.attributes
                0x000001b3       0x39 _build/app_error_weak.o
 .ARM.attributes
                0x000001ec       0x39 _build/app_timer.o
 .ARM.attributes
                0x00000225       0x39 _build/fstorage.o
 .ARM.attributes
                0x0000025e       0x39 _build/retarget.o
 .ARM.attributes
                0x00000297       0x39 _build/app_fifo.o
 .ARM.attributes
                0x000002d0       0x39 _build/app_uart_fifo.o
 .ARM.attributes
                0x00000309       0x39 _build/nrf_drv_common.o
 .ARM.attributes
                0x00000342       0x39 _build/nrf_drv_gpiote.o
 .ARM.attributes
                0x0000037b       0x39 _build/nrf_drv_uart.o
 .ARM.attributes
                0x000003b4       0x39 _build/pstorage.o
 .ARM.attributes
                0x000003ed       0x39 _build/nrf_drv_twi.o
 .ARM.attributes
                0x00000426       0x39 _build/bsp.o
 .ARM.attributes
                0x0000045f       0x39 _build/main.o
 .ARM.attributes
                0x00000498       0x39 _build/ble_mpu.o
 .ARM.attributes
                0x000004d1       0x39 _build/nrf_drv_mpu_twi.o
 .ARM.attributes
                0x0000050a       0x39 _build/app_mpu.o
 .ARM.attributes
                0x00000543       0x39 _build/ble_advdata.o
 .ARM.attributes
                0x0000057c       0x39 _build/ble_advertising.o
 .ARM.attributes
                0x000005b5       0x39 _build/ble_conn_params.o
 .ARM.attributes
                0x000005ee       0x39 _build/device_manager_peripheral.o
 .ARM.attributes
                0x00000627       0x39 _build/system_nrf52.o
 .ARM.attributes
                0x00000660       0x39 _build/softdevice_handler.o
 .ARM.attributes
                0x00000699       0x1c _build/gcc_startup_nrf52.o
 .ARM.attributes
                0x000006b5       0x34 /opt/toolchain/gcc-arm-none-eabi-4_8-2013q4/bin/../lib/gcc/arm-none-eabi/4.8.3/../../../../arm-none-eabi/lib/armv7e-m/fpu/libc_s.a(lib_a-memcmp.o)
 .ARM.attributes
                0x000006e9       0x34 /opt/toolchain/gcc-arm-none-eabi-4_8-2013q4/bin/../lib/gcc/arm-none-eabi/4.8.3/../../../../arm-none-eabi/lib/armv7e-m/fpu/libc_s.a(lib_a-memcpy-stub.o)
 .ARM.attributes
                0x0000071d       0x34 /opt/toolchain/gcc-arm-none-eabi-4_8-2013q4/bin/../lib/gcc/arm-none-eabi/4.8.3/../../../../arm-none-eabi/lib/armv7e-m/fpu/libc_s.a(lib_a-printf.o)
 .ARM.attributes
                0x00000751       0x34 /opt/toolchain/gcc-arm-none-eabi-4_8-2013q4/bin/../lib/gcc/arm-none-eabi/4.8.3/../../../../arm-none-eabi/lib/armv7e-m/fpu/libc_s.a(lib_a-strlen.o)
 .ARM.attributes
                0x00000785       0x34 /opt/toolchain/gcc-arm-none-eabi-4_8-2013q4/bin/../lib/gcc/arm-none-eabi/4.8.3/../../../../arm-none-eabi/lib/armv7e-m/fpu/libc_s.a(lib_a-vfprintf.o)
 .ARM.attributes
                0x000007b9       0x34 /opt/toolchain/gcc-arm-none-eabi-4_8-2013q4/bin/../lib/gcc/arm-none-eabi/4.8.3/../../../../arm-none-eabi/lib/armv7e-m/fpu/libc_s.a(lib_a-vfprintf_i.o)
 .ARM.attributes
                0x000007ed       0x34 /opt/toolchain/gcc-arm-none-eabi-4_8-2013q4/bin/../lib/gcc/arm-none-eabi/4.8.3/../../../../arm-none-eabi/lib/armv7e-m/fpu/libc_s.a(lib_a-wbuf.o)
 .ARM.attributes
                0x00000821       0x34 /opt/toolchain/gcc-arm-none-eabi-4_8-2013q4/bin/../lib/gcc/arm-none-eabi/4.8.3/../../../../arm-none-eabi/lib/armv7e-m/fpu/libc_s.a(lib_a-wsetup.o)
 .ARM.attributes
                0x00000855       0x34 /opt/toolchain/gcc-arm-none-eabi-4_8-2013q4/bin/../lib/gcc/arm-none-eabi/4.8.3/../../../../arm-none-eabi/lib/armv7e-m/fpu/libc_s.a(lib_a-fflush.o)
 .ARM.attributes
                0x00000889       0x34 /opt/toolchain/gcc-arm-none-eabi-4_8-2013q4/bin/../lib/gcc/arm-none-eabi/4.8.3/../../../../arm-none-eabi/lib/armv7e-m/fpu/libc_s.a(lib_a-findfp.o)
 .ARM.attributes
                0x000008bd       0x34 /opt/toolchain/gcc-arm-none-eabi-4_8-2013q4/bin/../lib/gcc/arm-none-eabi/4.8.3/../../../../arm-none-eabi/lib/armv7e-m/fpu/libc_s.a(lib_a-makebuf.o)
 .ARM.attributes
                0x000008f1       0x34 /opt/toolchain/gcc-arm-none-eabi-4_8-2013q4/bin/../lib/gcc/arm-none-eabi/4.8.3/../../../../arm-none-eabi/lib/armv7e-m/fpu/libc_s.a(lib_a-memchr-stub.o)
 .ARM.attributes
                0x00000925       0x34 /opt/toolchain/gcc-arm-none-eabi-4_8-2013q4/bin/../lib/gcc/arm-none-eabi/4.8.3/../../../../arm-none-eabi/lib/armv7e-m/fpu/libc_s.a(lib_a-nano-freer.o)
 .ARM.attributes
                0x00000959       0x34 /opt/toolchain/gcc-arm-none-eabi-4_8-2013q4/bin/../lib/gcc/arm-none-eabi/4.8.3/../../../../arm-none-eabi/lib/armv7e-m/fpu/libc_s.a(lib_a-nano-mallocr.o)
 .ARM.attributes
                0x0000098d       0x34 /opt/toolchain/gcc-arm-none-eabi-4_8-2013q4/bin/../lib/gcc/arm-none-eabi/4.8.3/../../../../arm-none-eabi/lib/armv7e-m/fpu/libc_s.a(lib_a-sbrkr.o)
 .ARM.attributes
                0x000009c1       0x34 /opt/toolchain/gcc-arm-none-eabi-4_8-2013q4/bin/../lib/gcc/arm-none-eabi/4.8.3/../../../../arm-none-eabi/lib/armv7e-m/fpu/libc_s.a(lib_a-stdio.o)
 .ARM.attributes
                0x000009f5       0x34 /opt/toolchain/gcc-arm-none-eabi-4_8-2013q4/bin/../lib/gcc/arm-none-eabi/4.8.3/../../../../arm-none-eabi/lib/armv7e-m/fpu/libc_s.a(lib_a-writer.o)
 .ARM.attributes
                0x00000a29       0x34 /opt/toolchain/gcc-arm-none-eabi-4_8-2013q4/bin/../lib/gcc/arm-none-eabi/4.8.3/../../../../arm-none-eabi/lib/armv7e-m/fpu/libc_s.a(lib_a-closer.o)
 .ARM.attributes
                0x00000a5d       0x34 /opt/toolchain/gcc-arm-none-eabi-4_8-2013q4/bin/../lib/gcc/arm-none-eabi/4.8.3/../../../../arm-none-eabi/lib/armv7e-m/fpu/libc_s.a(lib_a-fstatr.o)
 .ARM.attributes
                0x00000a91       0x34 /opt/toolchain/gcc-arm-none-eabi-4_8-2013q4/bin/../lib/gcc/arm-none-eabi/4.8.3/../../../../arm-none-eabi/lib/armv7e-m/fpu/libc_s.a(lib_a-isattyr.o)
 .ARM.attributes
                0x00000ac5       0x34 /opt/toolchain/gcc-arm-none-eabi-4_8-2013q4/bin/../lib/gcc/arm-none-eabi/4.8.3/../../../../arm-none-eabi/lib/armv7e-m/fpu/libc_s.a(lib_a-lseekr.o)
 .ARM.attributes
                0x00000af9       0x34 /opt/toolchain/gcc-arm-none-eabi-4_8-2013q4/bin/../lib/gcc/arm-none-eabi/4.8.3/../../../../arm-none-eabi/lib/armv7e-m/fpu/libc_s.a(lib_a-readr.o)
 .ARM.attributes
                0x00000b2d       0x34 /opt/toolchain/gcc-arm-none-eabi-4_8-2013q4/bin/../lib/gcc/arm-none-eabi/4.8.3/../../../../arm-none-eabi/lib/armv7e-m/fpu/libc_s.a(lib_a-reent.o)
 .ARM.attributes
                0x00000b61       0x34 /opt/toolchain/gcc-arm-none-eabi-4_8-2013q4/bin/../lib/gcc/arm-none-eabi/4.8.3/armv7e-m/fpu/crtend.o
 .ARM.attributes
                0x00000b95       0x22 /opt/toolchain/gcc-arm-none-eabi-4_8-2013q4/bin/../lib/gcc/arm-none-eabi/4.8.3/armv7e-m/fpu/crtn.o
 .ARM.attributes
                0x00000bb7       0x34 /opt/toolchain/gcc-arm-none-eabi-4_8-2013q4/bin/../lib/gcc/arm-none-eabi/4.8.3/../../../../arm-none-eabi/lib/armv7e-m/fpu/libnosys.a(close.o)
 .ARM.attributes
                0x00000beb       0x34 /opt/toolchain/gcc-arm-none-eabi-4_8-2013q4/bin/../lib/gcc/arm-none-eabi/4.8.3/../../../../arm-none-eabi/lib/armv7e-m/fpu/libnosys.a(fstat.o)
 .ARM.attributes
                0x00000c1f       0x34 /opt/toolchain/gcc-arm-none-eabi-4_8-2013q4/bin/../lib/gcc/arm-none-eabi/4.8.3/../../../../arm-none-eabi/lib/armv7e-m/fpu/libnosys.a(isatty.o)
 .ARM.attributes
                0x00000c53       0x34 /opt/toolchain/gcc-arm-none-eabi-4_8-2013q4/bin/../lib/gcc/arm-none-eabi/4.8.3/../../../../arm-none-eabi/lib/armv7e-m/fpu/libnosys.a(lseek.o)
 .ARM.attributes
                0x00000c87       0x34 /opt/toolchain/gcc-arm-none-eabi-4_8-2013q4/bin/../lib/gcc/arm-none-eabi/4.8.3/../../../../arm-none-eabi/lib/armv7e-m/fpu/libnosys.a(sbrk.o)

.comment        0x00000000       0x70
 .comment       0x00000000       0x70 _build/app_error.o
                                 0x71 (size before relaxing)
 .comment       0x00000000       0x71 _build/app_error_weak.o
 .comment       0x00000000       0x71 _build/app_timer.o
 .comment       0x00000000       0x71 _build/fstorage.o
 .comment       0x00000000       0x71 _build/retarget.o
 .comment       0x00000000       0x71 _build/app_fifo.o
 .comment       0x00000000       0x71 _build/app_uart_fifo.o
 .comment       0x00000000       0x71 _build/nrf_drv_common.o
 .comment       0x00000000       0x71 _build/nrf_drv_gpiote.o
 .comment       0x00000000       0x71 _build/nrf_drv_uart.o
 .comment       0x00000000       0x71 _build/pstorage.o
 .comment       0x00000000       0x71 _build/nrf_drv_twi.o
 .comment       0x00000000       0x71 _build/bsp.o
 .comment       0x00000000       0x71 _build/main.o
 .comment       0x00000000       0x71 _build/ble_mpu.o
 .comment       0x00000000       0x71 _build/nrf_drv_mpu_twi.o
 .comment       0x00000000       0x71 _build/app_mpu.o
 .comment       0x00000000       0x71 _build/ble_advdata.o
 .comment       0x00000000       0x71 _build/ble_advertising.o
 .comment       0x00000000       0x71 _build/ble_conn_params.o
 .comment       0x00000000       0x71 _build/device_manager_peripheral.o
 .comment       0x00000000       0x71 _build/system_nrf52.o
 .comment       0x00000000       0x71 _build/softdevice_handler.o

.debug_frame    0x00000000     0x2154
 .debug_frame   0x00000000       0x28 /opt/toolchain/gcc-arm-none-eabi-4_8-2013q4/bin/../lib/gcc/arm-none-eabi/4.8.3/../../../../arm-none-eabi/lib/armv7e-m/fpu/libc_s.a(lib_a-exit.o)
 .debug_frame   0x00000028       0x2c /opt/toolchain/gcc-arm-none-eabi-4_8-2013q4/bin/../lib/gcc/arm-none-eabi/4.8.3/../../../../arm-none-eabi/lib/armv7e-m/fpu/libc_s.a(lib_a-init.o)
 .debug_frame   0x00000054       0x20 /opt/toolchain/gcc-arm-none-eabi-4_8-2013q4/bin/../lib/gcc/arm-none-eabi/4.8.3/../../../../arm-none-eabi/lib/armv7e-m/fpu/libc_s.a(lib_a-memset.o)
 .debug_frame   0x00000074       0x20 /opt/toolchain/gcc-arm-none-eabi-4_8-2013q4/bin/../lib/gcc/arm-none-eabi/4.8.3/../../../../arm-none-eabi/lib/armv7e-m/fpu/libnosys.a(_exit.o)
 .debug_frame   0x00000094       0x5c _build/app_error.o
 .debug_frame   0x000000f0       0x2c _build/app_error_weak.o
 .debug_frame   0x0000011c      0x120 _build/app_timer.o
 .debug_frame   0x0000023c      0x104 _build/fstorage.o
 .debug_frame   0x00000340       0x44 _build/retarget.o
 .debug_frame   0x00000384       0xb0 _build/app_fifo.o
 .debug_frame   0x00000434       0xb4 _build/app_uart_fifo.o
 .debug_frame   0x000004e8       0x28 _build/nrf_drv_common.o
 .debug_frame   0x00000510      0x1dc _build/nrf_drv_gpiote.o
 .debug_frame   0x000006ec      0x120 _build/nrf_drv_uart.o
 .debug_frame   0x0000080c      0x364 _build/pstorage.o
 .debug_frame   0x00000b70      0x188 _build/nrf_drv_twi.o
 .debug_frame   0x00000cf8       0x98 _build/bsp.o
 .debug_frame   0x00000d90      0x174 _build/main.o
 .debug_frame   0x00000f04       0xc0 _build/ble_mpu.o
 .debug_frame   0x00000fc4       0xdc _build/nrf_drv_mpu_twi.o
 .debug_frame   0x000010a0      0x10c _build/app_mpu.o
 .debug_frame   0x000011ac       0xf8 _build/ble_advdata.o
 .debug_frame   0x000012a4       0xf0 _build/ble_advertising.o
 .debug_frame   0x00001394       0xf4 _build/ble_conn_params.o
 .debug_frame   0x00001488      0x40c _build/device_manager_peripheral.o
 .debug_frame   0x00001894       0x40 _build/system_nrf52.o
 .debug_frame   0x000018d4      0x168 _build/softdevice_handler.o
 .debug_frame   0x00001a3c       0x2c /opt/toolchain/gcc-arm-none-eabi-4_8-2013q4/bin/../lib/gcc/arm-none-eabi/4.8.3/../../../../arm-none-eabi/lib/armv7e-m/fpu/libc_s.a(lib_a-memcmp.o)
 .debug_frame   0x00001a68       0x28 /opt/toolchain/gcc-arm-none-eabi-4_8-2013q4/bin/../lib/gcc/arm-none-eabi/4.8.3/../../../../arm-none-eabi/lib/armv7e-m/fpu/libc_s.a(lib_a-memcpy-stub.o)
 .debug_frame   0x00001a90       0x60 /opt/toolchain/gcc-arm-none-eabi-4_8-2013q4/bin/../lib/gcc/arm-none-eabi/4.8.3/../../../../arm-none-eabi/lib/armv7e-m/fpu/libc_s.a(lib_a-printf.o)
 .debug_frame   0x00001af0       0x20 /opt/toolchain/gcc-arm-none-eabi-4_8-2013q4/bin/../lib/gcc/arm-none-eabi/4.8.3/../../../../arm-none-eabi/lib/armv7e-m/fpu/libc_s.a(lib_a-strlen.o)
 .debug_frame   0x00001b10       0xa8 /opt/toolchain/gcc-arm-none-eabi-4_8-2013q4/bin/../lib/gcc/arm-none-eabi/4.8.3/../../../../arm-none-eabi/lib/armv7e-m/fpu/libc_s.a(lib_a-vfprintf.o)
 .debug_frame   0x00001bb8       0x60 /opt/toolchain/gcc-arm-none-eabi-4_8-2013q4/bin/../lib/gcc/arm-none-eabi/4.8.3/../../../../arm-none-eabi/lib/armv7e-m/fpu/libc_s.a(lib_a-vfprintf_i.o)
 .debug_frame   0x00001c18       0x3c /opt/toolchain/gcc-arm-none-eabi-4_8-2013q4/bin/../lib/gcc/arm-none-eabi/4.8.3/../../../../arm-none-eabi/lib/armv7e-m/fpu/libc_s.a(lib_a-wbuf.o)
 .debug_frame   0x00001c54       0x2c /opt/toolchain/gcc-arm-none-eabi-4_8-2013q4/bin/../lib/gcc/arm-none-eabi/4.8.3/../../../../arm-none-eabi/lib/armv7e-m/fpu/libc_s.a(lib_a-wsetup.o)
 .debug_frame   0x00001c80       0x5c /opt/toolchain/gcc-arm-none-eabi-4_8-2013q4/bin/../lib/gcc/arm-none-eabi/4.8.3/../../../../arm-none-eabi/lib/armv7e-m/fpu/libc_s.a(lib_a-fflush.o)
 .debug_frame   0x00001cdc      0x12c /opt/toolchain/gcc-arm-none-eabi-4_8-2013q4/bin/../lib/gcc/arm-none-eabi/4.8.3/../../../../arm-none-eabi/lib/armv7e-m/fpu/libc_s.a(lib_a-findfp.o)
 .debug_frame   0x00001e08       0x30 /opt/toolchain/gcc-arm-none-eabi-4_8-2013q4/bin/../lib/gcc/arm-none-eabi/4.8.3/../../../../arm-none-eabi/lib/armv7e-m/fpu/libc_s.a(lib_a-makebuf.o)
 .debug_frame   0x00001e38       0x28 /opt/toolchain/gcc-arm-none-eabi-4_8-2013q4/bin/../lib/gcc/arm-none-eabi/4.8.3/../../../../arm-none-eabi/lib/armv7e-m/fpu/libc_s.a(lib_a-memchr-stub.o)
 .debug_frame   0x00001e60       0x2c /opt/toolchain/gcc-arm-none-eabi-4_8-2013q4/bin/../lib/gcc/arm-none-eabi/4.8.3/../../../../arm-none-eabi/lib/armv7e-m/fpu/libc_s.a(lib_a-nano-freer.o)
 .debug_frame   0x00001e8c       0x2c /opt/toolchain/gcc-arm-none-eabi-4_8-2013q4/bin/../lib/gcc/arm-none-eabi/4.8.3/../../../../arm-none-eabi/lib/armv7e-m/fpu/libc_s.a(lib_a-nano-mallocr.o)
 .debug_frame   0x00001eb8       0x2c /opt/toolchain/gcc-arm-none-eabi-4_8-2013q4/bin/../lib/gcc/arm-none-eabi/4.8.3/../../../../arm-none-eabi/lib/armv7e-m/fpu/libc_s.a(lib_a-sbrkr.o)
 .debug_frame   0x00001ee4       0x80 /opt/toolchain/gcc-arm-none-eabi-4_8-2013q4/bin/../lib/gcc/arm-none-eabi/4.8.3/../../../../arm-none-eabi/lib/armv7e-m/fpu/libc_s.a(lib_a-stdio.o)
 .debug_frame   0x00001f64       0x2c /opt/toolchain/gcc-arm-none-eabi-4_8-2013q4/bin/../lib/gcc/arm-none-eabi/4.8.3/../../../../arm-none-eabi/lib/armv7e-m/fpu/libc_s.a(lib_a-writer.o)
 .debug_frame   0x00001f90       0x2c /opt/toolchain/gcc-arm-none-eabi-4_8-2013q4/bin/../lib/gcc/arm-none-eabi/4.8.3/../../../../arm-none-eabi/lib/armv7e-m/fpu/libc_s.a(lib_a-closer.o)
 .debug_frame   0x00001fbc       0x2c /opt/toolchain/gcc-arm-none-eabi-4_8-2013q4/bin/../lib/gcc/arm-none-eabi/4.8.3/../../../../arm-none-eabi/lib/armv7e-m/fpu/libc_s.a(lib_a-fstatr.o)
 .debug_frame   0x00001fe8       0x2c /opt/toolchain/gcc-arm-none-eabi-4_8-2013q4/bin/../lib/gcc/arm-none-eabi/4.8.3/../../../../arm-none-eabi/lib/armv7e-m/fpu/libc_s.a(lib_a-isattyr.o)
 .debug_frame   0x00002014       0x2c /opt/toolchain/gcc-arm-none-eabi-4_8-2013q4/bin/../lib/gcc/arm-none-eabi/4.8.3/../../../../arm-none-eabi/lib/armv7e-m/fpu/libc_s.a(lib_a-lseekr.o)
 .debug_frame   0x00002040       0x2c /opt/toolchain/gcc-arm-none-eabi-4_8-2013q4/bin/../lib/gcc/arm-none-eabi/4.8.3/../../../../arm-none-eabi/lib/armv7e-m/fpu/libc_s.a(lib_a-readr.o)
 .debug_frame   0x0000206c       0x48 /opt/toolchain/gcc-arm-none-eabi-4_8-2013q4/bin/../lib/gcc/arm-none-eabi/4.8.3/../../../../arm-none-eabi/lib/armv7e-m/fpu/libc_s.a(lib_a-reent.o)
 .debug_frame   0x000020b4       0x20 /opt/toolchain/gcc-arm-none-eabi-4_8-2013q4/bin/../lib/gcc/arm-none-eabi/4.8.3/../../../../arm-none-eabi/lib/armv7e-m/fpu/libnosys.a(close.o)
 .debug_frame   0x000020d4       0x20 /opt/toolchain/gcc-arm-none-eabi-4_8-2013q4/bin/../lib/gcc/arm-none-eabi/4.8.3/../../../../arm-none-eabi/lib/armv7e-m/fpu/libnosys.a(fstat.o)
 .debug_frame   0x000020f4       0x20 /opt/toolchain/gcc-arm-none-eabi-4_8-2013q4/bin/../lib/gcc/arm-none-eabi/4.8.3/../../../../arm-none-eabi/lib/armv7e-m/fpu/libnosys.a(isatty.o)
 .debug_frame   0x00002114       0x20 /opt/toolchain/gcc-arm-none-eabi-4_8-2013q4/bin/../lib/gcc/arm-none-eabi/4.8.3/../../../../arm-none-eabi/lib/armv7e-m/fpu/libnosys.a(lseek.o)
 .debug_frame   0x00002134       0x20 /opt/toolchain/gcc-arm-none-eabi-4_8-2013q4/bin/../lib/gcc/arm-none-eabi/4.8.3/../../../../arm-none-eabi/lib/armv7e-m/fpu/libnosys.a(sbrk.o)

.debug_info     0x00000000    0x268d1
 .debug_info    0x00000000      0x32f _build/app_error.o
 .debug_info    0x0000032f      0x20a _build/app_error_weak.o
 .debug_info    0x00000539     0x1d18 _build/app_timer.o
 .debug_info    0x00002251     0x11d6 _build/fstorage.o
 .debug_info    0x00003427      0xa13 _build/retarget.o
 .debug_info    0x00003e3a      0x5d7 _build/app_fifo.o
 .debug_info    0x00004411      0xb5d _build/app_uart_fifo.o
 .debug_info    0x00004f6e      0x5e3 _build/nrf_drv_common.o
 .debug_info    0x00005551     0x20dc _build/nrf_drv_gpiote.o
 .debug_info    0x0000762d     0x392d _build/nrf_drv_uart.o
 .debug_info    0x0000af5a     0x360a _build/pstorage.o
 .debug_info    0x0000e564     0x3724 _build/nrf_drv_twi.o
 .debug_info    0x00011c88      0x721 _build/bsp.o
 .debug_info    0x000123a9     0x4295 _build/main.o
 .debug_info    0x0001663e     0x1c75 _build/ble_mpu.o
 .debug_info    0x000182b3      0xfe3 _build/nrf_drv_mpu_twi.o
 .debug_info    0x00019296      0x9ce _build/app_mpu.o
 .debug_info    0x00019c64     0x1c86 _build/ble_advdata.o
 .debug_info    0x0001b8ea     0x2165 _build/ble_advertising.o
 .debug_info    0x0001da4f     0x1c34 _build/ble_conn_params.o
 .debug_info    0x0001f683     0x4324 _build/device_manager_peripheral.o
 .debug_info    0x000239a7      0xd91 _build/system_nrf52.o
 .debug_info    0x00024738     0x2199 _build/softdevice_handler.o

.debug_abbrev   0x00000000     0x4a2f
 .debug_abbrev  0x00000000      0x141 _build/app_error.o
 .debug_abbrev  0x00000141      0x105 _build/app_error_weak.o
 .debug_abbrev  0x00000246      0x436 _build/app_timer.o
 .debug_abbrev  0x0000067c      0x3e7 _build/fstorage.o
 .debug_abbrev  0x00000a63      0x234 _build/retarget.o
 .debug_abbrev  0x00000c97      0x18c _build/app_fifo.o
 .debug_abbrev  0x00000e23      0x261 _build/app_uart_fifo.o
 .debug_abbrev  0x00001084      0x1a4 _build/nrf_drv_common.o
 .debug_abbrev  0x00001228      0x4a4 _build/nrf_drv_gpiote.o
 .debug_abbrev  0x000016cc      0x413 _build/nrf_drv_uart.o
 .debug_abbrev  0x00001adf      0x443 _build/pstorage.o
 .debug_abbrev  0x00001f22      0x435 _build/nrf_drv_twi.o
 .debug_abbrev  0x00002357      0x26a _build/bsp.o
 .debug_abbrev  0x000025c1      0x57b _build/main.o
 .debug_abbrev  0x00002b3c      0x2fd _build/ble_mpu.o
 .debug_abbrev  0x00002e39      0x2a5 _build/nrf_drv_mpu_twi.o
 .debug_abbrev  0x000030de      0x254 _build/app_mpu.o
 .debug_abbrev  0x00003332      0x36d _build/ble_advdata.o
 .debug_abbrev  0x0000369f      0x443 _build/ble_advertising.o
 .debug_abbrev  0x00003ae2      0x448 _build/ble_conn_params.o
 .debug_abbrev  0x00003f2a      0x47f _build/device_manager_peripheral.o
 .debug_abbrev  0x000043a9      0x1d3 _build/system_nrf52.o
 .debug_abbrev  0x0000457c      0x4b3 _build/softdevice_handler.o

.debug_loc      0x00000000    0x130df
 .debug_loc     0x00000000      0x145 _build/app_error.o
 .debug_loc     0x00000145       0xa5 _build/app_error_weak.o
 .debug_loc     0x000001ea      0xf9a _build/app_timer.o
 .debug_loc     0x00001184      0x7c9 _build/fstorage.o
 .debug_loc     0x0000194d       0xe9 _build/retarget.o
 .debug_loc     0x00001a36      0x6b1 _build/app_fifo.o
 .debug_loc     0x000020e7      0x422 _build/app_uart_fifo.o
 .debug_loc     0x00002509       0xa9 _build/nrf_drv_common.o
 .debug_loc     0x000025b2     0x1cd4 _build/nrf_drv_gpiote.o
 .debug_loc     0x00004286     0x23d4 _build/nrf_drv_uart.o
 .debug_loc     0x0000665a     0x32a2 _build/pstorage.o
 .debug_loc     0x000098fc     0x3349 _build/nrf_drv_twi.o
 .debug_loc     0x0000cc45      0x25a _build/bsp.o
 .debug_loc     0x0000ce9f      0x809 _build/main.o
 .debug_loc     0x0000d6a8      0x1b9 _build/ble_mpu.o
 .debug_loc     0x0000d861      0x5c5 _build/nrf_drv_mpu_twi.o
 .debug_loc     0x0000de26      0x3a2 _build/app_mpu.o
 .debug_loc     0x0000e1c8     0x1e1a _build/ble_advdata.o
 .debug_loc     0x0000ffe2      0x5f9 _build/ble_advertising.o
 .debug_loc     0x000105db      0x3b8 _build/ble_conn_params.o
 .debug_loc     0x00010993     0x236f _build/device_manager_peripheral.o
 .debug_loc     0x00012d02      0x3dd _build/softdevice_handler.o

.debug_aranges  0x00000000      0x9f0
 .debug_aranges
                0x00000000       0x30 _build/app_error.o
 .debug_aranges
                0x00000030       0x20 _build/app_error_weak.o
 .debug_aranges
                0x00000050       0x68 _build/app_timer.o
 .debug_aranges
                0x000000b8       0x60 _build/fstorage.o
 .debug_aranges
                0x00000118       0x28 _build/retarget.o
 .debug_aranges
                0x00000140       0x50 _build/app_fifo.o
 .debug_aranges
                0x00000190       0x48 _build/app_uart_fifo.o
 .debug_aranges
                0x000001d8       0x20 _build/nrf_drv_common.o
 .debug_aranges
                0x000001f8       0xb8 _build/nrf_drv_gpiote.o
 .debug_aranges
                0x000002b0       0x70 _build/nrf_drv_uart.o
 .debug_aranges
                0x00000320       0xf0 _build/pstorage.o
 .debug_aranges
                0x00000410       0x80 _build/nrf_drv_twi.o
 .debug_aranges
                0x00000490       0x58 _build/bsp.o
 .debug_aranges
                0x000004e8       0xa0 _build/main.o
 .debug_aranges
                0x00000588       0x58 _build/ble_mpu.o
 .debug_aranges
                0x000005e0       0x50 _build/nrf_drv_mpu_twi.o
 .debug_aranges
                0x00000630       0x70 _build/app_mpu.o
 .debug_aranges
                0x000006a0       0x60 _build/ble_advdata.o
 .debug_aranges
                0x00000700       0x60 _build/ble_advertising.o
 .debug_aranges
                0x00000760       0x68 _build/ble_conn_params.o
 .debug_aranges
                0x000007c8      0x168 _build/device_manager_peripheral.o
 .debug_aranges
                0x00000930       0x28 _build/system_nrf52.o
 .debug_aranges
                0x00000958       0x98 _build/softdevice_handler.o

.debug_ranges   0x00000000     0x48c8
 .debug_ranges  0x00000000       0x20 _build/app_error.o
 .debug_ranges  0x00000020       0x10 _build/app_error_weak.o
 .debug_ranges  0x00000030      0x620 _build/app_timer.o
 .debug_ranges  0x00000650      0x1c8 _build/fstorage.o
 .debug_ranges  0x00000818       0x18 _build/retarget.o
 .debug_ranges  0x00000830      0x128 _build/app_fifo.o
 .debug_ranges  0x00000958       0x80 _build/app_uart_fifo.o
 .debug_ranges  0x000009d8       0x30 _build/nrf_drv_common.o
 .debug_ranges  0x00000a08      0x878 _build/nrf_drv_gpiote.o
 .debug_ranges  0x00001280      0xa18 _build/nrf_drv_uart.o
 .debug_ranges  0x00001c98     0x13b8 _build/pstorage.o
 .debug_ranges  0x00003050      0x778 _build/nrf_drv_twi.o
 .debug_ranges  0x000037c8       0x70 _build/bsp.o
 .debug_ranges  0x00003838      0x280 _build/main.o
 .debug_ranges  0x00003ab8       0x60 _build/ble_mpu.o
 .debug_ranges  0x00003b18       0x68 _build/nrf_drv_mpu_twi.o
 .debug_ranges  0x00003b80       0x78 _build/app_mpu.o
 .debug_ranges  0x00003bf8      0x330 _build/ble_advdata.o
 .debug_ranges  0x00003f28      0x130 _build/ble_advertising.o
 .debug_ranges  0x00004058       0xf0 _build/ble_conn_params.o
 .debug_ranges  0x00004148      0x5b0 _build/device_manager_peripheral.o
 .debug_ranges  0x000046f8       0x78 _build/system_nrf52.o
 .debug_ranges  0x00004770      0x158 _build/softdevice_handler.o

.debug_macro    0x00000000     0x6745
 .debug_macro   0x00000000      0x227 _build/app_error.o
 .debug_macro   0x00000227       0x35 _build/app_error.o
 .debug_macro   0x0000025c      0x280 _build/app_error.o
 .debug_macro   0x000004dc       0x22 _build/app_error.o
 .debug_macro   0x000004fe       0x4c _build/app_error.o
 .debug_macro   0x0000054a      0x221 _build/app_error_weak.o
 .debug_macro   0x0000076b      0x339 _build/app_timer.o
 .debug_macro   0x00000aa4       0x41 _build/app_timer.o
 .debug_macro   0x00000ae5       0x16 _build/app_timer.o
 .debug_macro   0x00000afb       0x16 _build/app_timer.o
 .debug_macro   0x00000b11       0x29 _build/app_timer.o
 .debug_macro   0x00000b3a       0x16 _build/app_timer.o
 .debug_macro   0x00000b50       0x40 _build/app_timer.o
 .debug_macro   0x00000b90       0x64 _build/app_timer.o
 .debug_macro   0x00000bf4       0x2e _build/app_timer.o
 .debug_macro   0x00000c22       0x60 _build/app_timer.o
 .debug_macro   0x00000c82       0x16 _build/app_timer.o
 .debug_macro   0x00000c98      0x1d7 _build/fstorage.o
 .debug_macro   0x00000e6f       0x52 _build/fstorage.o
 .debug_macro   0x00000ec1       0x1c _build/fstorage.o
 .debug_macro   0x00000edd       0x47 _build/fstorage.o
 .debug_macro   0x00000f24      0x166 _build/fstorage.o
 .debug_macro   0x0000108a      0x24b _build/retarget.o
 .debug_macro   0x000012d5       0x17 _build/retarget.o
 .debug_macro   0x000012ec      0x205 _build/app_fifo.o
 .debug_macro   0x000014f1      0x10e _build/app_fifo.o
 .debug_macro   0x000015ff       0x7f _build/app_fifo.o
 .debug_macro   0x0000167e      0x335 _build/app_uart_fifo.o
 .debug_macro   0x000019b3       0x10 _build/app_uart_fifo.o
 .debug_macro   0x000019c3      0x274 _build/nrf_drv_common.o
 .debug_macro   0x00001c37      0x2c4 _build/nrf_drv_gpiote.o
 .debug_macro   0x00001efb       0x10 _build/nrf_drv_gpiote.o
 .debug_macro   0x00001f0b      0x2d7 _build/nrf_drv_uart.o
 .debug_macro   0x000021e2      0x317 _build/pstorage.o
 .debug_macro   0x000024f9       0x46 _build/pstorage.o
 .debug_macro   0x0000253f       0x1c _build/pstorage.o
 .debug_macro   0x0000255b       0x1c _build/pstorage.o
 .debug_macro   0x00002577       0x76 _build/pstorage.o
 .debug_macro   0x000025ed      0x2df _build/nrf_drv_twi.o
 .debug_macro   0x000028cc       0x56 _build/nrf_drv_twi.o
 .debug_macro   0x00002922      0x239 _build/bsp.o
 .debug_macro   0x00002b5b      0x518 _build/main.o
 .debug_macro   0x00003073       0xd6 _build/main.o
 .debug_macro   0x00003149      0x1fb _build/main.o
 .debug_macro   0x00003344      0x3f4 _build/main.o
 .debug_macro   0x00003738       0x3a _build/main.o
 .debug_macro   0x00003772       0x22 _build/main.o
 .debug_macro   0x00003794      0x201 _build/main.o
 .debug_macro   0x00003995       0x1c _build/main.o
 .debug_macro   0x000039b1       0xdb _build/main.o
 .debug_macro   0x00003a8c       0x24 _build/main.o
 .debug_macro   0x00003ab0       0xa6 _build/main.o
 .debug_macro   0x00003b56      0x2ca _build/main.o
 .debug_macro   0x00003e20       0xbe _build/main.o
 .debug_macro   0x00003ede       0x40 _build/main.o
 .debug_macro   0x00003f1e       0x46 _build/main.o
 .debug_macro   0x00003f64       0x1c _build/main.o
 .debug_macro   0x00003f80       0x8e _build/main.o
 .debug_macro   0x0000400e       0x16 _build/main.o
 .debug_macro   0x00004024       0x10 _build/main.o
 .debug_macro   0x00004034      0x401 _build/main.o
 .debug_macro   0x00004435       0x22 _build/main.o
 .debug_macro   0x00004457       0x28 _build/main.o
 .debug_macro   0x0000447f       0x98 _build/main.o
 .debug_macro   0x00004517       0x4c _build/main.o
 .debug_macro   0x00004563       0x1c _build/main.o
 .debug_macro   0x0000457f      0x2e7 _build/main.o
 .debug_macro   0x00004866       0x32 _build/main.o
 .debug_macro   0x00004898       0x1c _build/main.o
 .debug_macro   0x000048b4      0x2fc _build/ble_mpu.o
 .debug_macro   0x00004bb0       0x16 _build/ble_mpu.o
 .debug_macro   0x00004bc6      0x2e3 _build/nrf_drv_mpu_twi.o
 .debug_macro   0x00004ea9      0x1c0 _build/app_mpu.o
 .debug_macro   0x00005069      0x26d _build/ble_advdata.o
 .debug_macro   0x000052d6       0xb8 _build/ble_advdata.o
 .debug_macro   0x0000538e      0x2bb _build/ble_advertising.o
 .debug_macro   0x00005649       0x58 _build/ble_advertising.o
 .debug_macro   0x000056a1      0x2d6 _build/ble_conn_params.o
 .debug_macro   0x00005977      0x4a1 _build/device_manager_peripheral.o
 .debug_macro   0x00005e18       0x16 _build/device_manager_peripheral.o
 .debug_macro   0x00005e2e       0xf6 _build/system_nrf52.o
 .debug_macro   0x00005f24      0x3c7 _build/softdevice_handler.o
 .debug_macro   0x000062eb       0x10 _build/softdevice_handler.o
 .debug_macro   0x000062fb      0x3fa _build/softdevice_handler.o
 .debug_macro   0x000066f5       0x40 _build/softdevice_handler.o
 .debug_macro   0x00006735       0x10 _build/softdevice_handler.o

.debug_line     0x00000000     0xec41
 .debug_line    0x00000000      0x606 _build/app_error.o
 .debug_line    0x00000606      0x5be _build/app_error_weak.o
 .debug_line    0x00000bc4      0xc22 _build/app_timer.o
 .debug_line    0x000017e6      0x8a3 _build/fstorage.o
 .debug_line    0x00002089      0x5d3 _build/retarget.o
 .debug_line    0x0000265c      0x708 _build/app_fifo.o
 .debug_line    0x00002d64      0x912 _build/app_uart_fifo.o
 .debug_line    0x00003676      0x66d _build/nrf_drv_common.o
 .debug_line    0x00003ce3      0xef5 _build/nrf_drv_gpiote.o
 .debug_line    0x00004bd8      0xfa4 _build/nrf_drv_uart.o
 .debug_line    0x00005b7c     0x14e0 _build/pstorage.o
 .debug_line    0x0000705c      0xff3 _build/nrf_drv_twi.o
 .debug_line    0x0000804f      0x62b _build/bsp.o
 .debug_line    0x0000867a      0xf0d _build/main.o
 .debug_line    0x00009587      0x8a2 _build/ble_mpu.o
 .debug_line    0x00009e29      0x885 _build/nrf_drv_mpu_twi.o
 .debug_line    0x0000a6ae      0x6b9 _build/app_mpu.o
 .debug_line    0x0000ad67      0xaef _build/ble_advdata.o
 .debug_line    0x0000b856      0xadf _build/ble_advertising.o
 .debug_line    0x0000c335      0x812 _build/ble_conn_params.o
 .debug_line    0x0000cb47     0x12da _build/device_manager_peripheral.o
 .debug_line    0x0000de21      0x449 _build/system_nrf52.o
 .debug_line    0x0000e26a      0x9d7 _build/softdevice_handler.o

.debug_str      0x00000000    0x8a317
 .debug_str     0x00000000    0x6ff3b _build/app_error.o
                              0x70a19 (size before relaxing)
 .debug_str     0x0006ff3b      0x2ee _build/app_error_weak.o
                              0x70bc7 (size before relaxing)
 .debug_str     0x00070229     0x2f02 _build/app_timer.o
                              0x72986 (size before relaxing)
 .debug_str     0x0007312b     0x1149 _build/fstorage.o
                              0x700af (size before relaxing)
 .debug_str     0x00074274      0x62a _build/retarget.o
                              0x709df (size before relaxing)
 .debug_str     0x0007489e      0x182 _build/app_fifo.o
                              0x6fa44 (size before relaxing)
 .debug_str     0x00074a20      0xf26 _build/app_uart_fifo.o
                              0x72a0e (size before relaxing)
 .debug_str     0x00075946       0xb0 _build/nrf_drv_common.o
                              0x70e09 (size before relaxing)
 .debug_str     0x000759f6     0x15e0 _build/nrf_drv_gpiote.o
                              0x72429 (size before relaxing)
 .debug_str     0x00076fd6      0xfec _build/nrf_drv_uart.o
                              0x727bb (size before relaxing)
 .debug_str     0x00077fc2     0x11e8 _build/pstorage.o
                              0x72969 (size before relaxing)
 .debug_str     0x000791aa     0x1177 _build/nrf_drv_twi.o
                              0x72297 (size before relaxing)
 .debug_str     0x0007a321      0x4f5 _build/bsp.o
                              0x70217 (size before relaxing)
 .debug_str     0x0007a816     0xca09 _build/main.o
                              0x81044 (size before relaxing)
 .debug_str     0x0008721f      0x4ac _build/ble_mpu.o
                              0x7815c (size before relaxing)
 .debug_str     0x000876cb      0x26a _build/nrf_drv_mpu_twi.o
                              0x726c0 (size before relaxing)
 .debug_str     0x00087935      0x1ca _build/app_mpu.o
                              0x70308 (size before relaxing)
 .debug_str     0x00087aff      0x3c7 _build/ble_advdata.o
                              0x75773 (size before relaxing)
 .debug_str     0x00087ec6      0x3b7 _build/ble_advertising.o
                              0x76bba (size before relaxing)
 .debug_str     0x0008827d      0x2c3 _build/ble_conn_params.o
                              0x765e0 (size before relaxing)
 .debug_str     0x00088540     0x165c _build/device_manager_peripheral.o
                              0x780c9 (size before relaxing)
 .debug_str     0x00089b9c      0x298 _build/system_nrf52.o
                              0x6c710 (size before relaxing)
 .debug_str     0x00089e34      0x4e3 _build/softdevice_handler.o
                              0x7aab5 (size before relaxing)

.stab           0x00000000       0x6c
 .stab          0x00000000       0x24 /opt/toolchain/gcc-arm-none-eabi-4_8-2013q4/bin/../lib/gcc/arm-none-eabi/4.8.3/../../../../arm-none-eabi/lib/armv7e-m/fpu/libnosys.a(close.o)
 .stab          0x00000024       0x18 /opt/toolchain/gcc-arm-none-eabi-4_8-2013q4/bin/../lib/gcc/arm-none-eabi/4.8.3/../../../../arm-none-eabi/lib/armv7e-m/fpu/libnosys.a(fstat.o)
                                 0x24 (size before relaxing)
 .stab          0x0000003c       0x18 /opt/toolchain/gcc-arm-none-eabi-4_8-2013q4/bin/../lib/gcc/arm-none-eabi/4.8.3/../../../../arm-none-eabi/lib/armv7e-m/fpu/libnosys.a(isatty.o)
                                 0x24 (size before relaxing)
 .stab          0x00000054       0x18 /opt/toolchain/gcc-arm-none-eabi-4_8-2013q4/bin/../lib/gcc/arm-none-eabi/4.8.3/../../../../arm-none-eabi/lib/armv7e-m/fpu/libnosys.a(lseek.o)
                                 0x24 (size before relaxing)

.stabstr        0x00000000       0xe3
 .stabstr       0x00000000       0xe3 /opt/toolchain/gcc-arm-none-eabi-4_8-2013q4/bin/../lib/gcc/arm-none-eabi/4.8.3/../../../../arm-none-eabi/lib/armv7e-m/fpu/libnosys.a(close.o)
